15:54:54 **** Build of project fft_bsp ****
make -k all 
libgen -hw ../zynq_audio_hw_platform/system.xml\
	       \
	       -pe ps7_cortexa9_0 \
	       -log libgen.log \
	       system.mss
libgen
Xilinx EDK 14.5 Build EDK_P.58f
Copyright (c) 1995-2012 Xilinx, Inc.  All rights reserved.

Command Line: libgen -hw ../zynq_audio_hw_platform/system.xml -pe ps7_cortexa9_0
-log libgen.log system.mss 


Staging source files.
Running DRCs.
Running generate.
Running post_generate.
Running include - 'gmake -s include "COMPILER=arm-xilinx-eabi-gcc"
"ARCHIVER=arm-xilinx-eabi-ar" "COMPILER_FLAGS= -O2 -c"
"EXTRA_COMPILER_FLAGS=-g"'.

Running libs - 'gmake -s libs "COMPILER=arm-xilinx-eabi-gcc"
"ARCHIVER=arm-xilinx-eabi-ar" "COMPILER_FLAGS= -O2 -c"
"EXTRA_COMPILER_FLAGS=-g"'.
Compiling common
arm-xilinx-eabi-ar: creating ../../../lib/libxil.a
Compiling xadc
Compiling standalone
Compiling gpio
Compiling devcfg
Compiling dmaps
Compiling iicps
Compiling scugic
Compiling scutimer
Compiling scuwdt
Compiling uartps
Compiling cpu_cortexa9
Running execs_generate.
Finished building libraries
15:55:10 **** Build of configuration Debug for project fft ****
make all 
Building file: ../src/helloworld.c
Invoking: ARM gcc compiler
arm-xilinx-eabi-gcc -Wall -O0 -g3 -c -fmessage-length=0 -I../../fft_bsp/ps7_cortexa9_0/include -MMD -MP -MF"src/helloworld.d" -MT"src/helloworld.d" -o "src/helloworld.o" "../src/helloworld.c"
Finished building: ../src/helloworld.c
 
Building file: ../src/platform.c
Invoking: ARM gcc compiler
arm-xilinx-eabi-gcc -Wall -O0 -g3 -c -fmessage-length=0 -I../../fft_bsp/ps7_cortexa9_0/include -MMD -MP -MF"src/platform.d" -MT"src/platform.d" -o "src/platform.o" "../src/platform.c"
Finished building: ../src/platform.c
 
Building target: fft.elf
Invoking: ARM gcc linker
arm-xilinx-eabi-gcc -Wl,-T -Wl,../src/lscript.ld -L../../fft_bsp/ps7_cortexa9_0/lib -o "fft.elf"  ./src/helloworld.o ./src/platform.o   -Wl,--start-group,-lxil,-lgcc,-lc,--end-group
Finished building target: fft.elf
 
Invoking: ARM Print Size
arm-xilinx-eabi-size fft.elf  |tee "fft.elf.size"
   text	   data	    bss	    dec	    hex	filename
  22056	   1096	  29780	  52932	   cec4	fft.elf
Finished building: fft.elf.size
 
15:55:14 **** Incremental Build of configuration Debug for project fft ****
make all 
make: Nothing to be done for `all'.
15:56:10 **** Auto Build of configuration Debug for project fft ****
make all 
Building file: ../src/helloworld.c
Invoking: ARM gcc compiler
arm-xilinx-eabi-gcc -Wall -O0 -g3 -c -fmessage-length=0 -I../../fft_bsp/ps7_cortexa9_0/include -MMD -MP -MF"src/helloworld.d" -MT"src/helloworld.d" -o "src/helloworld.o" "../src/helloworld.c"
Finished building: ../src/helloworld.c
 
Building target: fft.elf
Invoking: ARM gcc linker
arm-xilinx-eabi-gcc -Wl,-T -Wl,../src/lscript.ld -L../../fft_bsp/ps7_cortexa9_0/lib -o "fft.elf"  ./src/helloworld.o ./src/platform.o   -Wl,--start-group,-lxil,-lgcc,-lc,--end-group
./src/helloworld.o: In function `main':
/home/bill/workspace/EmbeddedSystemDesign/FFT/zynq_audio/SDK/SDK_Export/fft/Debug/../src/helloworld.c:54: undefined reference to `OLED_Init'
/home/bill/workspace/EmbeddedSystemDesign/FFT/zynq_audio/SDK/SDK_Export/fft/Debug/../src/helloworld.c:55: undefined reference to `IicConfig'
/home/bill/workspace/EmbeddedSystemDesign/FFT/zynq_audio/SDK/SDK_Export/fft/Debug/../src/helloworld.c:56: undefined reference to `AudioPllConfig'
/home/bill/workspace/EmbeddedSystemDesign/FFT/zynq_audio/SDK/SDK_Export/fft/Debug/../src/helloworld.c:57: undefined reference to `AudioConfigure'
/home/bill/workspace/EmbeddedSystemDesign/FFT/zynq_audio/SDK/SDK_Export/fft/Debug/../src/helloworld.c:68: undefined reference to `get_audio'
/home/bill/workspace/EmbeddedSystemDesign/FFT/zynq_audio/SDK/SDK_Export/fft/Debug/../src/helloworld.c:73: undefined reference to `OLED_Clear'
/home/bill/workspace/EmbeddedSystemDesign/FFT/zynq_audio/SDK/SDK_Export/fft/Debug/../src/helloworld.c:74: undefined reference to `OLED_Equalizer_128'
collect2: error: ld returned 1 exit status
make: *** [fft.elf] Error 1
15:56:24 **** Clean-only build of configuration Debug for project fft ****
make clean 
rm -rf  ./src/helloworld.o ./src/platform.o  ./src/helloworld.d ./src/platform.d  fft.elf.size  fft.elf
 
15:56:24 **** Clean-only build of project fft_bsp ****
make -k clean 
rm -rf ps7_cortexa9_0
15:56:25 **** Build of project fft_bsp ****
make -k all 
libgen -hw ../zynq_audio_hw_platform/system.xml\
	       \
	       -pe ps7_cortexa9_0 \
	       -log libgen.log \
	       system.mss
libgen
Xilinx EDK 14.5 Build EDK_P.58f
Copyright (c) 1995-2012 Xilinx, Inc.  All rights reserved.

Command Line: libgen -hw ../zynq_audio_hw_platform/system.xml -pe ps7_cortexa9_0
-log libgen.log system.mss 


Staging source files.
Running DRCs.
Running generate.
Running post_generate.
Running include - 'gmake -s include "COMPILER=arm-xilinx-eabi-gcc"
"ARCHIVER=arm-xilinx-eabi-ar" "COMPILER_FLAGS= -O2 -c"
"EXTRA_COMPILER_FLAGS=-g"'.

Running libs - 'gmake -s libs "COMPILER=arm-xilinx-eabi-gcc"
"ARCHIVER=arm-xilinx-eabi-ar" "COMPILER_FLAGS= -O2 -c"
"EXTRA_COMPILER_FLAGS=-g"'.
Compiling common
arm-xilinx-eabi-ar: creating ../../../lib/libxil.a
Compiling xadc
Compiling standalone
Compiling gpio
Compiling devcfg
Compiling dmaps
Compiling iicps
Compiling scugic
Compiling scutimer
Compiling scuwdt
Compiling uartps
Compiling cpu_cortexa9
Running execs_generate.
Finished building libraries
15:56:36 **** Build of configuration Debug for project fft ****
make all 
Building file: ../src/audio.c
Invoking: ARM gcc compiler
arm-xilinx-eabi-gcc -Wall -O0 -g3 -c -fmessage-length=0 -I../../fft_bsp/ps7_cortexa9_0/include -MMD -MP -MF"src/audio.d" -MT"src/audio.d" -o "src/audio.o" "../src/audio.c"
Finished building: ../src/audio.c
 
Building file: ../src/helloworld.c
Invoking: ARM gcc compiler
arm-xilinx-eabi-gcc -Wall -O0 -g3 -c -fmessage-length=0 -I../../fft_bsp/ps7_cortexa9_0/include -MMD -MP -MF"src/helloworld.d" -MT"src/helloworld.d" -o "src/helloworld.o" "../src/helloworld.c"
Finished building: ../src/helloworld.c
 
Building file: ../src/oled.c
Invoking: ARM gcc compiler
arm-xilinx-eabi-gcc -Wall -O0 -g3 -c -fmessage-length=0 -I../../fft_bsp/ps7_cortexa9_0/include -MMD -MP -MF"src/oled.d" -MT"src/oled.d" -o "src/oled.o" "../src/oled.c"
Finished building: ../src/oled.c
 
Building file: ../src/platform.c
Invoking: ARM gcc compiler
arm-xilinx-eabi-gcc -Wall -O0 -g3 -c -fmessage-length=0 -I../../fft_bsp/ps7_cortexa9_0/include -MMD -MP -MF"src/platform.d" -MT"src/platform.d" -o "src/platform.o" "../src/platform.c"
Finished building: ../src/platform.c
 
Building target: fft.elf
Invoking: ARM gcc linker
arm-xilinx-eabi-gcc -Wl,-T -Wl,../src/lscript.ld -L../../fft_bsp/ps7_cortexa9_0/lib -o "fft.elf"  ./src/audio.o ./src/helloworld.o ./src/oled.o ./src/platform.o   -Wl,--start-group,-lxil,-lgcc,-lc,--end-group
Finished building target: fft.elf
 
Invoking: ARM Print Size
arm-xilinx-eabi-size fft.elf  |tee "fft.elf.size"
   text	   data	    bss	    dec	    hex	filename
  39264	   2152	  30916	  72332	  11a8c	fft.elf
Finished building: fft.elf.size
 
15:56:44 **** Incremental Build of configuration Debug for project fft ****
make all 
make: Nothing to be done for `all'.
15:57:13 **** Auto Build of configuration Debug for project fft ****
make all 
Building file: ../src/helloworld.c
Invoking: ARM gcc compiler
arm-xilinx-eabi-gcc -Wall -O0 -g3 -c -fmessage-length=0 -I../../fft_bsp/ps7_cortexa9_0/include -MMD -MP -MF"src/helloworld.d" -MT"src/helloworld.d" -o "src/helloworld.o" "../src/helloworld.c"
Finished building: ../src/helloworld.c
 
Building target: fft.elf
Invoking: ARM gcc linker
arm-xilinx-eabi-gcc -Wl,-T -Wl,../src/lscript.ld -L../../fft_bsp/ps7_cortexa9_0/lib -o "fft.elf"  ./src/audio.o ./src/helloworld.o ./src/oled.o ./src/platform.o   -Wl,--start-group,-lxil,-lgcc,-lc,--end-group
Finished building target: fft.elf
 
Invoking: ARM Print Size
arm-xilinx-eabi-size fft.elf  |tee "fft.elf.size"
   text	   data	    bss	    dec	    hex	filename
  39288	   2152	  30916	  72356	  11aa4	fft.elf
Finished building: fft.elf.size
 
15:57:14 **** Incremental Build of configuration Debug for project fft ****
make all 
make: Nothing to be done for `all'.
15:57:55 **** Auto Build of configuration Debug for project fft ****
make all 
Building file: ../src/helloworld.c
Invoking: ARM gcc compiler
arm-xilinx-eabi-gcc -Wall -O0 -g3 -c -fmessage-length=0 -I../../fft_bsp/ps7_cortexa9_0/include -MMD -MP -MF"src/helloworld.d" -MT"src/helloworld.d" -o "src/helloworld.o" "../src/helloworld.c"
Finished building: ../src/helloworld.c
 
Building target: fft.elf
Invoking: ARM gcc linker
arm-xilinx-eabi-gcc -Wl,-T -Wl,../src/lscript.ld -L../../fft_bsp/ps7_cortexa9_0/lib -o "fft.elf"  ./src/audio.o ./src/helloworld.o ./src/oled.o ./src/platform.o   -Wl,--start-group,-lxil,-lgcc,-lc,--end-group
Finished building target: fft.elf
 
Invoking: ARM Print Size
arm-xilinx-eabi-size fft.elf  |tee "fft.elf.size"
   text	   data	    bss	    dec	    hex	filename
  39340	   2152	  30916	  72408	  11ad8	fft.elf
Finished building: fft.elf.size
 
15:57:56 **** Incremental Build of configuration Debug for project fft ****
make all 
make: Nothing to be done for `all'.
16:04:26 **** Incremental Build of configuration Debug for project fft ****
make all 
make: Nothing to be done for `all'.
16:14:42 **** Incremental Build of configuration Debug for project fft ****
make all 
make: Nothing to be done for `all'.
16:15:09 **** Incremental Build of configuration Debug for project fft ****
make all 
make: Nothing to be done for `all'.
16:15:27 **** Incremental Build of configuration Debug for project fft ****
make all 
make: Nothing to be done for `all'.
16:18:32 **** Incremental Build of configuration Debug for project fft ****
make all 
make: Nothing to be done for `all'.
16:20:28 **** Auto Build of configuration Debug for project fft ****
make all 
Building file: ../src/helloworld.c
Invoking: ARM gcc compiler
arm-xilinx-eabi-gcc -Wall -O0 -g3 -c -fmessage-length=0 -I../../fft_bsp/ps7_cortexa9_0/include -MMD -MP -MF"src/helloworld.d" -MT"src/helloworld.d" -o "src/helloworld.o" "../src/helloworld.c"
../src/helloworld.c:32:1: warning: "/*" within comment [-Wcomment]
../src/helloworld.c: In function 'main':
../src/helloworld.c:58:13: warning: initialization makes pointer from integer without a cast [enabled by default]
../src/helloworld.c:60:2: warning: implicit declaration of function 'malloc' [-Wimplicit-function-declaration]
../src/helloworld.c:60:31: warning: incompatible implicit declaration of built-in function 'malloc' [enabled by default]
../src/helloworld.c:86:6: warning: assignment makes pointer from integer without a cast [enabled by default]
Finished building: ../src/helloworld.c
 
Building target: fft.elf
Invoking: ARM gcc linker
arm-xilinx-eabi-gcc -Wl,-T -Wl,../src/lscript.ld -L../../fft_bsp/ps7_cortexa9_0/lib -o "fft.elf"  ./src/audio.o ./src/helloworld.o ./src/oled.o ./src/platform.o   -Wl,--start-group,-lxil,-lgcc,-lc,--end-group
./src/helloworld.o: In function `main':
/home/bill/workspace/EmbeddedSystemDesign/FFT/zynq_audio/SDK/SDK_Export/fft/Debug/../src/helloworld.c:74: undefined reference to `cos'
collect2: error: ld returned 1 exit status
make: *** [fft.elf] Error 1
16:20:46 **** Clean-only build of configuration Debug for project fft ****
make clean 
rm -rf  ./src/audio.o ./src/helloworld.o ./src/oled.o ./src/platform.o  ./src/audio.d ./src/helloworld.d ./src/oled.d ./src/platform.d  fft.elf.size  fft.elf
 
16:20:46 **** Auto Build of configuration Debug for project fft ****
make all 
Building file: ../src/audio.c
Invoking: ARM gcc compiler
arm-xilinx-eabi-gcc -Wall -O0 -g3 -c -fmessage-length=0 -I../../fft_bsp/ps7_cortexa9_0/include -MMD -MP -MF"src/audio.d" -MT"src/audio.d" -o "src/audio.o" "../src/audio.c"
Finished building: ../src/audio.c
 
Building file: ../src/helloworld.c
Invoking: ARM gcc compiler
arm-xilinx-eabi-gcc -Wall -O0 -g3 -c -fmessage-length=0 -I../../fft_bsp/ps7_cortexa9_0/include -MMD -MP -MF"src/helloworld.d" -MT"src/helloworld.d" -o "src/helloworld.o" "../src/helloworld.c"
../src/helloworld.c:32:1: warning: "/*" within comment [-Wcomment]
../src/helloworld.c: In function 'main':
../src/helloworld.c:58:13: warning: initialization makes pointer from integer without a cast [enabled by default]
../src/helloworld.c:60:2: warning: implicit declaration of function 'malloc' [-Wimplicit-function-declaration]
../src/helloworld.c:60:31: warning: incompatible implicit declaration of built-in function 'malloc' [enabled by default]
../src/helloworld.c:86:6: warning: assignment makes pointer from integer without a cast [enabled by default]
Finished building: ../src/helloworld.c
 
Building file: ../src/oled.c
Invoking: ARM gcc compiler
arm-xilinx-eabi-gcc -Wall -O0 -g3 -c -fmessage-length=0 -I../../fft_bsp/ps7_cortexa9_0/include -MMD -MP -MF"src/oled.d" -MT"src/oled.d" -o "src/oled.o" "../src/oled.c"
Finished building: ../src/oled.c
 
Building file: ../src/platform.c
Invoking: ARM gcc compiler
arm-xilinx-eabi-gcc -Wall -O0 -g3 -c -fmessage-length=0 -I../../fft_bsp/ps7_cortexa9_0/include -MMD -MP -MF"src/platform.d" -MT"src/platform.d" -o "src/platform.o" "../src/platform.c"
Finished building: ../src/platform.c
 
Building target: fft.elf
Invoking: ARM gcc linker
arm-xilinx-eabi-gcc -Wl,-T -Wl,../src/lscript.ld -L../../fft_bsp/ps7_cortexa9_0/lib -o "fft.elf"  ./src/audio.o ./src/helloworld.o ./src/oled.o ./src/platform.o   -lm -Wl,--start-group,-lxil,-lgcc,-lc,--end-group
Finished building target: fft.elf
 
Invoking: ARM Print Size
arm-xilinx-eabi-size fft.elf  |tee "fft.elf.size"
   text	   data	    bss	    dec	    hex	filename
  53144	   2184	  33396	  88724	  15a94	fft.elf
Finished building: fft.elf.size
 
16:20:50 **** Incremental Build of configuration Debug for project fft ****
make all 
make: Nothing to be done for `all'.
16:23:32 **** Auto Build of configuration Debug for project fft ****
make all 
Building file: ../src/helloworld.c
Invoking: ARM gcc compiler
arm-xilinx-eabi-gcc -Wall -O0 -g3 -c -fmessage-length=0 -I../../fft_bsp/ps7_cortexa9_0/include -MMD -MP -MF"src/helloworld.d" -MT"src/helloworld.d" -o "src/helloworld.o" "../src/helloworld.c"
../src/helloworld.c:32:1: warning: "/*" within comment [-Wcomment]
../src/helloworld.c: In function 'main':
../src/helloworld.c:58:13: warning: initialization makes pointer from integer without a cast [enabled by default]
../src/helloworld.c:60:2: warning: implicit declaration of function 'malloc' [-Wimplicit-function-declaration]
../src/helloworld.c:60:31: warning: incompatible implicit declaration of built-in function 'malloc' [enabled by default]
../src/helloworld.c:86:6: warning: assignment makes pointer from integer without a cast [enabled by default]
Finished building: ../src/helloworld.c
 
Building target: fft.elf
../src/helloworld.c:55:6: warning: unused variable 'ret' [-Wunused-variable]
Invoking: ARM gcc linker
arm-xilinx-eabi-gcc -Wl,-T -Wl,../src/lscript.ld -L../../fft_bsp/ps7_cortexa9_0/lib -o "fft.elf"  ./src/audio.o ./src/helloworld.o ./src/oled.o ./src/platform.o   -lm -Wl,--start-group,-lxil,-lgcc,-lc,--end-group
Finished building target: fft.elf
 
Invoking: ARM Print Size
arm-xilinx-eabi-size fft.elf  |tee "fft.elf.size"
   text	   data	    bss	    dec	    hex	filename
  52656	   2184	  33396	  88236	  158ac	fft.elf
Finished building: fft.elf.size
 
16:23:39 **** Auto Build of configuration Debug for project fft ****
make all 
Building file: ../src/helloworld.c
Invoking: ARM gcc compiler
arm-xilinx-eabi-gcc -Wall -O0 -g3 -c -fmessage-length=0 -I../../fft_bsp/ps7_cortexa9_0/include -MMD -MP -MF"src/helloworld.d" -MT"src/helloworld.d" -o "src/helloworld.o" "../src/helloworld.c"
../src/helloworld.c:32:1: warning: "/*" within comment [-Wcomment]
../src/helloworld.c: In function 'main':
../src/helloworld.c:58:13: warning: initialization makes pointer from integer without a cast [enabled by default]
../src/helloworld.c:60:2: warning: implicit declaration of function 'malloc' [-Wimplicit-function-declaration]
../src/helloworld.c:60:31: warning: incompatible implicit declaration of built-in function 'malloc' [enabled by default]
../src/helloworld.c:78:3: warning: format '%d' expects argument of type 'int', but argument 2 has type 'u32' [-Wformat]
../src/helloworld.c:78:3: warning: format '%d' expects argument of type 'int', but argument 2 has type 'u32' [-Wformat]
Finished building: ../src/helloworld.c
../src/helloworld.c:86:6: warning: assignment makes pointer from integer without a cast [enabled by default]
 
../src/helloworld.c:55:6: warning: unused variable 'ret' [-Wunused-variable]
Building target: fft.elf
Invoking: ARM gcc linker
arm-xilinx-eabi-gcc -Wl,-T -Wl,../src/lscript.ld -L../../fft_bsp/ps7_cortexa9_0/lib -o "fft.elf"  ./src/audio.o ./src/helloworld.o ./src/oled.o ./src/platform.o   -lm -Wl,--start-group,-lxil,-lgcc,-lc,--end-group
Finished building target: fft.elf
 
Invoking: ARM Print Size
arm-xilinx-eabi-size fft.elf  |tee "fft.elf.size"
   text	   data	    bss	    dec	    hex	filename
  88244	   2312	  33404	 123960	  1e438	fft.elf
Finished building: fft.elf.size
 
16:23:48 **** Incremental Build of configuration Debug for project fft ****
make all 
make: Nothing to be done for `all'.
16:24:15 **** Auto Build of configuration Debug for project fft ****
make all 
Building file: ../src/helloworld.c
Invoking: ARM gcc compiler
arm-xilinx-eabi-gcc -Wall -O0 -g3 -c -fmessage-length=0 -I../../fft_bsp/ps7_cortexa9_0/include -MMD -MP -MF"src/helloworld.d" -MT"src/helloworld.d" -o "src/helloworld.o" "../src/helloworld.c"
../src/helloworld.c:32:1: warning: "/*" within comment [-Wcomment]
../src/helloworld.c: In function 'main':
../src/helloworld.c:58:13: warning: initialization makes pointer from integer without a cast [enabled by default]
../src/helloworld.c:60:2: warning: implicit declaration of function 'malloc' [-Wimplicit-function-declaration]
../src/helloworld.c:60:31: warning: incompatible implicit declaration of built-in function 'malloc' [enabled by default]
../src/helloworld.c:78:3: warning: format '%d' expects argument of type 'int', but argument 2 has type 'u32' [-Wformat]
Finished building: ../src/helloworld.c
../src/helloworld.c:78:3: warning: format '%d' expects argument of type 'int', but argument 2 has type 'u32' [-Wformat]
 
../src/helloworld.c:86:6: warning: assignment makes pointer from integer without a cast [enabled by default]
Building target: fft.elf
Invoking: ARM gcc linker
arm-xilinx-eabi-gcc -Wl,-T -Wl,../src/lscript.ld -L../../fft_bsp/ps7_cortexa9_0/lib -o "fft.elf"  ./src/audio.o ./src/helloworld.o ./src/oled.o ./src/platform.o   -lm -Wl,--start-group,-lxil,-lgcc,-lc,--end-group
../src/helloworld.c:55:6: warning: unused variable 'ret' [-Wunused-variable]
Finished building target: fft.elf
 
Invoking: ARM Print Size
arm-xilinx-eabi-size fft.elf  |tee "fft.elf.size"
   text	   data	    bss	    dec	    hex	filename
  88236	   2312	  33404	 123952	  1e430	fft.elf
Finished building: fft.elf.size
 
16:24:17 **** Incremental Build of configuration Debug for project fft ****
make all 
make: Nothing to be done for `all'.
16:25:27 **** Auto Build of configuration Debug for project fft ****
make all 
Building file: ../src/helloworld.c
Invoking: ARM gcc compiler
arm-xilinx-eabi-gcc -Wall -O0 -g3 -c -fmessage-length=0 -I../../fft_bsp/ps7_cortexa9_0/include -MMD -MP -MF"src/helloworld.d" -MT"src/helloworld.d" -o "src/helloworld.o" "../src/helloworld.c"
../src/helloworld.c:32:1: warning: "/*" within comment [-Wcomment]
../src/helloworld.c: In function 'main':
../src/helloworld.c:58:13: warning: initialization makes pointer from integer without a cast [enabled by default]
../src/helloworld.c:60:2: warning: implicit declaration of function 'malloc' [-Wimplicit-function-declaration]
../src/helloworld.c:60:31: warning: incompatible implicit declaration of built-in function 'malloc' [enabled by default]
../src/helloworld.c:78:3: warning: format '%d' expects argument of type 'int', but argument 2 has type 'u32' [-Wformat]
../src/helloworld.c:78:3: warning: format '%d' expects argument of type 'int', but argument 2 has type 'u32' [-Wformat]
Finished building: ../src/helloworld.c
../src/helloworld.c:86:6: warning: assignment makes pointer from integer without a cast [enabled by default]
 
../src/helloworld.c:55:6: warning: unused variable 'ret' [-Wunused-variable]
Building target: fft.elf
Invoking: ARM gcc linker
arm-xilinx-eabi-gcc -Wl,-T -Wl,../src/lscript.ld -L../../fft_bsp/ps7_cortexa9_0/lib -o "fft.elf"  ./src/audio.o ./src/helloworld.o ./src/oled.o ./src/platform.o   -lm -Wl,--start-group,-lxil,-lgcc,-lc,--end-group
Finished building target: fft.elf
 
Invoking: ARM Print Size
arm-xilinx-eabi-size fft.elf  |tee "fft.elf.size"
   text	   data	    bss	    dec	    hex	filename
  88236	   2312	  33404	 123952	  1e430	fft.elf
Finished building: fft.elf.size
 
16:30:37 **** Auto Build of configuration Debug for project fft ****
make all 
Building file: ../src/helloworld.c
Invoking: ARM gcc compiler
arm-xilinx-eabi-gcc -Wall -O0 -g3 -c -fmessage-length=0 -I../../fft_bsp/ps7_cortexa9_0/include -MMD -MP -MF"src/helloworld.d" -MT"src/helloworld.d" -o "src/helloworld.o" "../src/helloworld.c"
../src/helloworld.c:32:1: warning: "/*" within comment [-Wcomment]
../src/helloworld.c: In function 'main':
../src/helloworld.c:58:13: warning: initialization makes pointer from integer without a cast [enabled by default]
../src/helloworld.c:60:2: warning: implicit declaration of function 'malloc' [-Wimplicit-function-declaration]
../src/helloworld.c:60:31: warning: incompatible implicit declaration of built-in function 'malloc' [enabled by default]
../src/helloworld.c:78:3: warning: format '%d' expects argument of type 'int', but argument 2 has type 'u32' [-Wformat]
../src/helloworld.c:78:3: warning: format '%d' expects argument of type 'int', but argument 2 has type 'u32' [-Wformat]
../src/helloworld.c:86:6: warning: assignment makes pointer from integer without a cast [enabled by default]
Finished building: ../src/helloworld.c
../src/helloworld.c:55:6: warning: unused variable 'ret' [-Wunused-variable]
 
Building target: fft.elf
Invoking: ARM gcc linker
arm-xilinx-eabi-gcc -Wl,-T -Wl,../src/lscript.ld -L../../fft_bsp/ps7_cortexa9_0/lib -o "fft.elf"  ./src/audio.o ./src/helloworld.o ./src/oled.o ./src/platform.o   -lm -Wl,--start-group,-lxil,-lgcc,-lc,--end-group
Finished building target: fft.elf
 
Invoking: ARM Print Size
arm-xilinx-eabi-size fft.elf  |tee "fft.elf.size"
   text	   data	    bss	    dec	    hex	filename
  88236	   2312	  33404	 123952	  1e430	fft.elf
Finished building: fft.elf.size
 
16:30:55 **** Auto Build of configuration Debug for project fft ****
make all 
Building file: ../src/helloworld.c
Invoking: ARM gcc compiler
arm-xilinx-eabi-gcc -Wall -O0 -g3 -c -fmessage-length=0 -I../../fft_bsp/ps7_cortexa9_0/include -MMD -MP -MF"src/helloworld.d" -MT"src/helloworld.d" -o "src/helloworld.o" "../src/helloworld.c"
../src/helloworld.c:32:1: warning: "/*" within comment [-Wcomment]
../src/helloworld.c: In function 'main':
../src/helloworld.c:59:13: warning: initialization makes pointer from integer without a cast [enabled by default]
../src/helloworld.c:61:2: warning: implicit declaration of function 'malloc' [-Wimplicit-function-declaration]
../src/helloworld.c:61:31: warning: incompatible implicit declaration of built-in function 'malloc' [enabled by default]
../src/helloworld.c:79:3: warning: format '%d' expects argument of type 'int', but argument 2 has type 'u32' [-Wformat]
../src/helloworld.c:79:3: warning: format '%d' expects argument of type 'int', but argument 2 has type 'u32' [-Wformat]
../src/helloworld.c:87:6: warning: assignment makes pointer from integer without a cast [enabled by default]
../src/helloworld.c:57:9: warning: unused variable 'audio_data' [-Wunused-variable]
Finished building: ../src/helloworld.c
../src/helloworld.c:55:6: warning: unused variable 'ret' [-Wunused-variable]
 
Building target: fft.elf
Invoking: ARM gcc linker
arm-xilinx-eabi-gcc -Wl,-T -Wl,../src/lscript.ld -L../../fft_bsp/ps7_cortexa9_0/lib -o "fft.elf"  ./src/audio.o ./src/helloworld.o ./src/oled.o ./src/platform.o   -lm -Wl,--start-group,-lxil,-lgcc,-lc,--end-group
Finished building target: fft.elf
 
Invoking: ARM Print Size
arm-xilinx-eabi-size fft.elf  |tee "fft.elf.size"
   text	   data	    bss	    dec	    hex	filename
  88236	   2312	  33404	 123952	  1e430	fft.elf
Finished building: fft.elf.size
 
16:31:58 **** Auto Build of configuration Debug for project fft ****
make all 
Building file: ../src/helloworld.c
Invoking: ARM gcc compiler
arm-xilinx-eabi-gcc -Wall -O0 -g3 -c -fmessage-length=0 -I../../fft_bsp/ps7_cortexa9_0/include -MMD -MP -MF"src/helloworld.d" -MT"src/helloworld.d" -o "src/helloworld.o" "../src/helloworld.c"
../src/helloworld.c:32:1: warning: "/*" within comment [-Wcomment]
../src/helloworld.c: In function 'main':
../src/helloworld.c:59:13: warning: initialization makes pointer from integer without a cast [enabled by default]
../src/helloworld.c:61:2: warning: implicit declaration of function 'malloc' [-Wimplicit-function-declaration]
../src/helloworld.c:61:31: warning: incompatible implicit declaration of built-in function 'malloc' [enabled by default]
../src/helloworld.c:95:6: warning: assignment makes pointer from integer without a cast [enabled by default]
../src/helloworld.c:59:7: warning: variable 'mem' set but not used [-Wunused-but-set-variable]
../src/helloworld.c:55:6: warning: unused variable 'ret' [-Wunused-variable]
Finished building: ../src/helloworld.c
 
Building target: fft.elf
Invoking: ARM gcc linker
arm-xilinx-eabi-gcc -Wl,-T -Wl,../src/lscript.ld -L../../fft_bsp/ps7_cortexa9_0/lib -o "fft.elf"  ./src/audio.o ./src/helloworld.o ./src/oled.o ./src/platform.o   -lm -Wl,--start-group,-lxil,-lgcc,-lc,--end-group
Finished building target: fft.elf
 
Invoking: ARM Print Size
arm-xilinx-eabi-size fft.elf  |tee "fft.elf.size"
   text	   data	    bss	    dec	    hex	filename
  47764	   2184	  33396	  83344	  14590	fft.elf
Finished building: fft.elf.size
 
16:32:47 **** Auto Build of configuration Debug for project fft ****
make all 
Building file: ../src/helloworld.c
Invoking: ARM gcc compiler
arm-xilinx-eabi-gcc -Wall -O0 -g3 -c -fmessage-length=0 -I../../fft_bsp/ps7_cortexa9_0/include -MMD -MP -MF"src/helloworld.d" -MT"src/helloworld.d" -o "src/helloworld.o" "../src/helloworld.c"
../src/helloworld.c:32:1: warning: "/*" within comment [-Wcomment]
../src/helloworld.c: In function 'main':
../src/helloworld.c:59:13: warning: initialization makes pointer from integer without a cast [enabled by default]
../src/helloworld.c:61:2: warning: implicit declaration of function 'malloc' [-Wimplicit-function-declaration]
../src/helloworld.c:61:31: warning: incompatible implicit declaration of built-in function 'malloc' [enabled by default]
../src/helloworld.c:99:6: warning: assignment makes pointer from integer without a cast [enabled by default]
../src/helloworld.c:55:6: warning: unused variable 'ret' [-Wunused-variable]
Finished building: ../src/helloworld.c
 
Building target: fft.elf
Invoking: ARM gcc linker
arm-xilinx-eabi-gcc -Wl,-T -Wl,../src/lscript.ld -L../../fft_bsp/ps7_cortexa9_0/lib -o "fft.elf"  ./src/audio.o ./src/helloworld.o ./src/oled.o ./src/platform.o   -lm -Wl,--start-group,-lxil,-lgcc,-lc,--end-group
Finished building target: fft.elf
 
Invoking: ARM Print Size
arm-xilinx-eabi-size fft.elf  |tee "fft.elf.size"
   text	   data	    bss	    dec	    hex	filename
  47844	   2184	  33396	  83424	  145e0	fft.elf
Finished building: fft.elf.size
 
16:33:08 **** Incremental Build of configuration Debug for project fft ****
make all 
make: Nothing to be done for `all'.
16:33:30 **** Auto Build of configuration Debug for project fft ****
make all 
Building file: ../src/helloworld.c
Invoking: ARM gcc compiler
arm-xilinx-eabi-gcc -Wall -O0 -g3 -c -fmessage-length=0 -I../../fft_bsp/ps7_cortexa9_0/include -MMD -MP -MF"src/helloworld.d" -MT"src/helloworld.d" -o "src/helloworld.o" "../src/helloworld.c"
../src/helloworld.c:32:1: warning: "/*" within comment [-Wcomment]
../src/helloworld.c: In function 'main':
../src/helloworld.c:59:13: warning: initialization makes pointer from integer without a cast [enabled by default]
../src/helloworld.c:61:2: warning: implicit declaration of function 'malloc' [-Wimplicit-function-declaration]
../src/helloworld.c:61:31: warning: incompatible implicit declaration of built-in function 'malloc' [enabled by default]
../src/helloworld.c:101:6: warning: assignment makes pointer from integer without a cast [enabled by default]
../src/helloworld.c:55:6: warning: unused variable 'ret' [-Wunused-variable]
Finished building: ../src/helloworld.c
 
Building target: fft.elf
Invoking: ARM gcc linker
arm-xilinx-eabi-gcc -Wl,-T -Wl,../src/lscript.ld -L../../fft_bsp/ps7_cortexa9_0/lib -o "fft.elf"  ./src/audio.o ./src/helloworld.o ./src/oled.o ./src/platform.o   -lm -Wl,--start-group,-lxil,-lgcc,-lc,--end-group
Finished building target: fft.elf
 
Invoking: ARM Print Size
arm-xilinx-eabi-size fft.elf  |tee "fft.elf.size"
   text	   data	    bss	    dec	    hex	filename
  47832	   2184	  33396	  83412	  145d4	fft.elf
Finished building: fft.elf.size
 
16:33:32 **** Incremental Build of configuration Debug for project fft ****
make all 
make: Nothing to be done for `all'.
16:33:54 **** Auto Build of configuration Debug for project fft ****
make all 
Building file: ../src/helloworld.c
Invoking: ARM gcc compiler
arm-xilinx-eabi-gcc -Wall -O0 -g3 -c -fmessage-length=0 -I../../fft_bsp/ps7_cortexa9_0/include -MMD -MP -MF"src/helloworld.d" -MT"src/helloworld.d" -o "src/helloworld.o" "../src/helloworld.c"
../src/helloworld.c:32:1: warning: "/*" within comment [-Wcomment]
../src/helloworld.c: In function 'main':
../src/helloworld.c:59:13: warning: initialization makes pointer from integer without a cast [enabled by default]
../src/helloworld.c:61:2: warning: implicit declaration of function 'malloc' [-Wimplicit-function-declaration]
../src/helloworld.c:61:31: warning: incompatible implicit declaration of built-in function 'malloc' [enabled by default]
../src/helloworld.c:101:6: warning: assignment makes pointer from integer without a cast [enabled by default]
../src/helloworld.c:55:6: warning: unused variable 'ret' [-Wunused-variable]
Finished building: ../src/helloworld.c
 
Building target: fft.elf
Invoking: ARM gcc linker
arm-xilinx-eabi-gcc -Wl,-T -Wl,../src/lscript.ld -L../../fft_bsp/ps7_cortexa9_0/lib -o "fft.elf"  ./src/audio.o ./src/helloworld.o ./src/oled.o ./src/platform.o   -lm -Wl,--start-group,-lxil,-lgcc,-lc,--end-group
Finished building target: fft.elf
 
Invoking: ARM Print Size
arm-xilinx-eabi-size fft.elf  |tee "fft.elf.size"
   text	   data	    bss	    dec	    hex	filename
  47728	   2184	  33396	  83308	  1456c	fft.elf
Finished building: fft.elf.size
 
16:33:57 **** Incremental Build of configuration Debug for project fft ****
make all 
make: Nothing to be done for `all'.
16:34:46 **** Auto Build of configuration Debug for project fft ****
make all 
Building file: ../src/helloworld.c
Invoking: ARM gcc compiler
arm-xilinx-eabi-gcc -Wall -O0 -g3 -c -fmessage-length=0 -I../../fft_bsp/ps7_cortexa9_0/include -MMD -MP -MF"src/helloworld.d" -MT"src/helloworld.d" -o "src/helloworld.o" "../src/helloworld.c"
../src/helloworld.c:32:1: warning: "/*" within comment [-Wcomment]
../src/helloworld.c: In function 'main':
../src/helloworld.c:59:13: warning: initialization makes pointer from integer without a cast [enabled by default]
../src/helloworld.c:61:2: warning: implicit declaration of function 'malloc' [-Wimplicit-function-declaration]
../src/helloworld.c:61:31: warning: incompatible implicit declaration of built-in function 'malloc' [enabled by default]
../src/helloworld.c:101:6: warning: assignment makes pointer from integer without a cast [enabled by default]
../src/helloworld.c:55:6: warning: unused variable 'ret' [-Wunused-variable]
Finished building: ../src/helloworld.c
 
Building target: fft.elf
Invoking: ARM gcc linker
arm-xilinx-eabi-gcc -Wl,-T -Wl,../src/lscript.ld -L../../fft_bsp/ps7_cortexa9_0/lib -o "fft.elf"  ./src/audio.o ./src/helloworld.o ./src/oled.o ./src/platform.o   -lm -Wl,--start-group,-lxil,-lgcc,-lc,--end-group
Finished building target: fft.elf
 
Invoking: ARM Print Size
arm-xilinx-eabi-size fft.elf  |tee "fft.elf.size"
   text	   data	    bss	    dec	    hex	filename
  47732	   2184	  33396	  83312	  14570	fft.elf
Finished building: fft.elf.size
 
16:34:48 **** Incremental Build of configuration Debug for project fft ****
make all 
make: Nothing to be done for `all'.
16:36:47 **** Auto Build of configuration Debug for project fft ****
make all 
Building file: ../src/helloworld.c
Invoking: ARM gcc compiler
arm-xilinx-eabi-gcc -Wall -O0 -g3 -c -fmessage-length=0 -I../../fft_bsp/ps7_cortexa9_0/include -MMD -MP -MF"src/helloworld.d" -MT"src/helloworld.d" -o "src/helloworld.o" "../src/helloworld.c"
../src/helloworld.c:32:1: warning: "/*" within comment [-Wcomment]
../src/helloworld.c: In function 'main':
../src/helloworld.c:59:13: warning: initialization makes pointer from integer without a cast [enabled by default]
../src/helloworld.c:61:2: warning: implicit declaration of function 'malloc' [-Wimplicit-function-declaration]
../src/helloworld.c:61:31: warning: incompatible implicit declaration of built-in function 'malloc' [enabled by default]
../src/helloworld.c:101:6: warning: assignment makes pointer from integer without a cast [enabled by default]
../src/helloworld.c:55:6: warning: unused variable 'ret' [-Wunused-variable]
Finished building: ../src/helloworld.c
 
Building target: fft.elf
Invoking: ARM gcc linker
arm-xilinx-eabi-gcc -Wl,-T -Wl,../src/lscript.ld -L../../fft_bsp/ps7_cortexa9_0/lib -o "fft.elf"  ./src/audio.o ./src/helloworld.o ./src/oled.o ./src/platform.o   -lm -Wl,--start-group,-lxil,-lgcc,-lc,--end-group
Finished building target: fft.elf
 
Invoking: ARM Print Size
arm-xilinx-eabi-size fft.elf  |tee "fft.elf.size"
   text	   data	    bss	    dec	    hex	filename
  47732	   2184	  33396	  83312	  14570	fft.elf
Finished building: fft.elf.size
 
16:36:50 **** Incremental Build of configuration Debug for project fft ****
make all 
make: Nothing to be done for `all'.
16:37:04 **** Incremental Build of configuration Debug for project fft ****
make all 
make: Nothing to be done for `all'.
16:37:22 **** Incremental Build of configuration Debug for project fft ****
make all 
make: Nothing to be done for `all'.
16:37:41 **** Incremental Build of configuration Debug for project fft ****
make all 
make: Nothing to be done for `all'.
16:38:34 **** Incremental Build of configuration Debug for project fft ****
make all 
make: Nothing to be done for `all'.
16:40:26 **** Auto Build of configuration Debug for project fft ****
make all 
Building file: ../src/helloworld.c
Invoking: ARM gcc compiler
arm-xilinx-eabi-gcc -Wall -O0 -g3 -c -fmessage-length=0 -I../../fft_bsp/ps7_cortexa9_0/include -MMD -MP -MF"src/helloworld.d" -MT"src/helloworld.d" -o "src/helloworld.o" "../src/helloworld.c"
../src/helloworld.c:32:1: warning: "/*" within comment [-Wcomment]
../src/helloworld.c: In function 'main':
../src/helloworld.c:59:13: warning: initialization makes pointer from integer without a cast [enabled by default]
../src/helloworld.c:61:2: warning: implicit declaration of function 'malloc' [-Wimplicit-function-declaration]
../src/helloworld.c:61:31: warning: incompatible implicit declaration of built-in function 'malloc' [enabled by default]
../src/helloworld.c:102:6: warning: assignment makes pointer from integer without a cast [enabled by default]
../src/helloworld.c:55:6: warning: unused variable 'ret' [-Wunused-variable]
Finished building: ../src/helloworld.c
 
Building target: fft.elf
Invoking: ARM gcc linker
arm-xilinx-eabi-gcc -Wl,-T -Wl,../src/lscript.ld -L../../fft_bsp/ps7_cortexa9_0/lib -o "fft.elf"  ./src/audio.o ./src/helloworld.o ./src/oled.o ./src/platform.o   -lm -Wl,--start-group,-lxil,-lgcc,-lc,--end-group
Finished building target: fft.elf
 
Invoking: ARM Print Size
arm-xilinx-eabi-size fft.elf  |tee "fft.elf.size"
   text	   data	    bss	    dec	    hex	filename
  47732	   2184	  33396	  83312	  14570	fft.elf
Finished building: fft.elf.size
 
16:40:28 **** Incremental Build of configuration Debug for project fft ****
make all 
make: Nothing to be done for `all'.
16:40:43 **** Auto Build of configuration Debug for project fft ****
make all 
Building file: ../src/helloworld.c
Invoking: ARM gcc compiler
arm-xilinx-eabi-gcc -Wall -O0 -g3 -c -fmessage-length=0 -I../../fft_bsp/ps7_cortexa9_0/include -MMD -MP -MF"src/helloworld.d" -MT"src/helloworld.d" -o "src/helloworld.o" "../src/helloworld.c"
../src/helloworld.c:32:1: warning: "/*" within comment [-Wcomment]
../src/helloworld.c: In function 'main':
../src/helloworld.c:59:13: warning: initialization makes pointer from integer without a cast [enabled by default]
../src/helloworld.c:61:2: warning: implicit declaration of function 'malloc' [-Wimplicit-function-declaration]
../src/helloworld.c:61:31: warning: incompatible implicit declaration of built-in function 'malloc' [enabled by default]
../src/helloworld.c:102:6: warning: assignment makes pointer from integer without a cast [enabled by default]
../src/helloworld.c:55:6: warning: unused variable 'ret' [-Wunused-variable]
Finished building: ../src/helloworld.c
 
Building target: fft.elf
Invoking: ARM gcc linker
arm-xilinx-eabi-gcc -Wl,-T -Wl,../src/lscript.ld -L../../fft_bsp/ps7_cortexa9_0/lib -o "fft.elf"  ./src/audio.o ./src/helloworld.o ./src/oled.o ./src/platform.o   -lm -Wl,--start-group,-lxil,-lgcc,-lc,--end-group
Finished building target: fft.elf
 
Invoking: ARM Print Size
arm-xilinx-eabi-size fft.elf  |tee "fft.elf.size"
   text	   data	    bss	    dec	    hex	filename
  47732	   2184	  33396	  83312	  14570	fft.elf
Finished building: fft.elf.size
 
16:40:46 **** Incremental Build of configuration Debug for project fft ****
make all 
make: Nothing to be done for `all'.
16:41:26 **** Auto Build of configuration Debug for project fft ****
make all 
Building file: ../src/helloworld.c
Invoking: ARM gcc compiler
arm-xilinx-eabi-gcc -Wall -O0 -g3 -c -fmessage-length=0 -I../../fft_bsp/ps7_cortexa9_0/include -MMD -MP -MF"src/helloworld.d" -MT"src/helloworld.d" -o "src/helloworld.o" "../src/helloworld.c"
../src/helloworld.c:32:1: warning: "/*" within comment [-Wcomment]
../src/helloworld.c: In function 'main':
../src/helloworld.c:59:13: warning: initialization makes pointer from integer without a cast [enabled by default]
../src/helloworld.c:61:2: warning: implicit declaration of function 'malloc' [-Wimplicit-function-declaration]
../src/helloworld.c:61:31: warning: incompatible implicit declaration of built-in function 'malloc' [enabled by default]
../src/helloworld.c:102:6: warning: assignment makes pointer from integer without a cast [enabled by default]
../src/helloworld.c:55:6: warning: unused variable 'ret' [-Wunused-variable]
Finished building: ../src/helloworld.c
 
Building target: fft.elf
Invoking: ARM gcc linker
arm-xilinx-eabi-gcc -Wl,-T -Wl,../src/lscript.ld -L../../fft_bsp/ps7_cortexa9_0/lib -o "fft.elf"  ./src/audio.o ./src/helloworld.o ./src/oled.o ./src/platform.o   -lm -Wl,--start-group,-lxil,-lgcc,-lc,--end-group
Finished building target: fft.elf
 
Invoking: ARM Print Size
arm-xilinx-eabi-size fft.elf  |tee "fft.elf.size"
   text	   data	    bss	    dec	    hex	filename
  47732	   2184	  33396	  83312	  14570	fft.elf
Finished building: fft.elf.size
 
16:41:27 **** Incremental Build of configuration Debug for project fft ****
make all 
make: Nothing to be done for `all'.
16:48:26 **** Auto Build of configuration Debug for project fft ****
make all 
Building file: ../src/helloworld.c
Invoking: ARM gcc compiler
arm-xilinx-eabi-gcc -Wall -O0 -g3 -c -fmessage-length=0 -I../../fft_bsp/ps7_cortexa9_0/include -MMD -MP -MF"src/helloworld.d" -MT"src/helloworld.d" -o "src/helloworld.o" "../src/helloworld.c"
../src/helloworld.c:32:1: warning: "/*" within comment [-Wcomment]
../src/helloworld.c: In function 'main':
../src/helloworld.c:59:13: warning: initialization makes pointer from integer without a cast [enabled by default]
../src/helloworld.c:61:2: warning: implicit declaration of function 'malloc' [-Wimplicit-function-declaration]
../src/helloworld.c:61:31: warning: incompatible implicit declaration of built-in function 'malloc' [enabled by default]
../src/helloworld.c:102:6: warning: assignment makes pointer from integer without a cast [enabled by default]
../src/helloworld.c:55:6: warning: unused variable 'ret' [-Wunused-variable]
Finished building: ../src/helloworld.c
 
Building target: fft.elf
Invoking: ARM gcc linker
arm-xilinx-eabi-gcc -Wl,-T -Wl,../src/lscript.ld -L../../fft_bsp/ps7_cortexa9_0/lib -o "fft.elf"  ./src/audio.o ./src/helloworld.o ./src/oled.o ./src/platform.o   -lm -Wl,--start-group,-lxil,-lgcc,-lc,--end-group
Finished building target: fft.elf
 
Invoking: ARM Print Size
arm-xilinx-eabi-size fft.elf  |tee "fft.elf.size"
   text	   data	    bss	    dec	    hex	filename
  47716	   2184	  33396	  83296	  14560	fft.elf
Finished building: fft.elf.size
 
16:49:17 **** Incremental Build of configuration Debug for project fft ****
make all 
make: Nothing to be done for `all'.
16:50:49 **** Auto Build of configuration Debug for project fft ****
make all 
Building file: ../src/helloworld.c
Invoking: ARM gcc compiler
arm-xilinx-eabi-gcc -Wall -O0 -g3 -c -fmessage-length=0 -I../../fft_bsp/ps7_cortexa9_0/include -MMD -MP -MF"src/helloworld.d" -MT"src/helloworld.d" -o "src/helloworld.o" "../src/helloworld.c"
../src/helloworld.c:32:1: warning: "/*" within comment [-Wcomment]
../src/helloworld.c: In function 'main':
../src/helloworld.c:59:13: warning: initialization makes pointer from integer without a cast [enabled by default]
../src/helloworld.c:61:2: warning: implicit declaration of function 'malloc' [-Wimplicit-function-declaration]
../src/helloworld.c:61:31: warning: incompatible implicit declaration of built-in function 'malloc' [enabled by default]
../src/helloworld.c:102:6: warning: assignment makes pointer from integer without a cast [enabled by default]
../src/helloworld.c:55:6: warning: unused variable 'ret' [-Wunused-variable]
Finished building: ../src/helloworld.c
 
Building target: fft.elf
Invoking: ARM gcc linker
arm-xilinx-eabi-gcc -Wl,-T -Wl,../src/lscript.ld -L../../fft_bsp/ps7_cortexa9_0/lib -o "fft.elf"  ./src/audio.o ./src/helloworld.o ./src/oled.o ./src/platform.o   -lm -Wl,--start-group,-lxil,-lgcc,-lc,--end-group
Finished building target: fft.elf
 
Invoking: ARM Print Size
arm-xilinx-eabi-size fft.elf  |tee "fft.elf.size"
   text	   data	    bss	    dec	    hex	filename
  47716	   2184	  33396	  83296	  14560	fft.elf
Finished building: fft.elf.size
 
16:50:57 **** Auto Build of configuration Debug for project fft ****
make all 
Building file: ../src/helloworld.c
Invoking: ARM gcc compiler
arm-xilinx-eabi-gcc -Wall -O0 -g3 -c -fmessage-length=0 -I../../fft_bsp/ps7_cortexa9_0/include -MMD -MP -MF"src/helloworld.d" -MT"src/helloworld.d" -o "src/helloworld.o" "../src/helloworld.c"
../src/helloworld.c:32:1: warning: "/*" within comment [-Wcomment]
../src/helloworld.c: In function 'main':
../src/helloworld.c:59:13: warning: initialization makes pointer from integer without a cast [enabled by default]
../src/helloworld.c:61:2: warning: implicit declaration of function 'malloc' [-Wimplicit-function-declaration]
../src/helloworld.c:61:31: warning: incompatible implicit declaration of built-in function 'malloc' [enabled by default]
../src/helloworld.c:104:6: warning: assignment makes pointer from integer without a cast [enabled by default]
../src/helloworld.c:55:6: warning: unused variable 'ret' [-Wunused-variable]
Finished building: ../src/helloworld.c
 
Building target: fft.elf
Invoking: ARM gcc linker
arm-xilinx-eabi-gcc -Wl,-T -Wl,../src/lscript.ld -L../../fft_bsp/ps7_cortexa9_0/lib -o "fft.elf"  ./src/audio.o ./src/helloworld.o ./src/oled.o ./src/platform.o   -lm -Wl,--start-group,-lxil,-lgcc,-lc,--end-group
Finished building target: fft.elf
 
Invoking: ARM Print Size
arm-xilinx-eabi-size fft.elf  |tee "fft.elf.size"
   text	   data	    bss	    dec	    hex	filename
  47716	   2184	  33396	  83296	  14560	fft.elf
Finished building: fft.elf.size
 
16:50:58 **** Incremental Build of configuration Debug for project fft ****
make all 
make: Nothing to be done for `all'.
16:51:29 **** Auto Build of configuration Debug for project fft ****
make all 
Building file: ../src/helloworld.c
Invoking: ARM gcc compiler
arm-xilinx-eabi-gcc -Wall -O0 -g3 -c -fmessage-length=0 -I../../fft_bsp/ps7_cortexa9_0/include -MMD -MP -MF"src/helloworld.d" -MT"src/helloworld.d" -o "src/helloworld.o" "../src/helloworld.c"
../src/helloworld.c:32:1: warning: "/*" within comment [-Wcomment]
../src/helloworld.c: In function 'main':
../src/helloworld.c:59:13: warning: initialization makes pointer from integer without a cast [enabled by default]
../src/helloworld.c:61:2: warning: implicit declaration of function 'malloc' [-Wimplicit-function-declaration]
../src/helloworld.c:61:31: warning: incompatible implicit declaration of built-in function 'malloc' [enabled by default]
../src/helloworld.c:103:6: warning: assignment makes pointer from integer without a cast [enabled by default]
../src/helloworld.c:55:6: warning: unused variable 'ret' [-Wunused-variable]
Finished building: ../src/helloworld.c
 
Building target: fft.elf
Invoking: ARM gcc linker
arm-xilinx-eabi-gcc -Wl,-T -Wl,../src/lscript.ld -L../../fft_bsp/ps7_cortexa9_0/lib -o "fft.elf"  ./src/audio.o ./src/helloworld.o ./src/oled.o ./src/platform.o   -lm -Wl,--start-group,-lxil,-lgcc,-lc,--end-group
Finished building target: fft.elf
 
Invoking: ARM Print Size
arm-xilinx-eabi-size fft.elf  |tee "fft.elf.size"
   text	   data	    bss	    dec	    hex	filename
  47716	   2184	  33396	  83296	  14560	fft.elf
Finished building: fft.elf.size
 
16:51:32 **** Incremental Build of configuration Debug for project fft ****
make all 
make: Nothing to be done for `all'.
16:53:07 **** Auto Build of configuration Debug for project fft ****
make all 
Building file: ../src/helloworld.c
Invoking: ARM gcc compiler
arm-xilinx-eabi-gcc -Wall -O0 -g3 -c -fmessage-length=0 -I../../fft_bsp/ps7_cortexa9_0/include -MMD -MP -MF"src/helloworld.d" -MT"src/helloworld.d" -o "src/helloworld.o" "../src/helloworld.c"
../src/helloworld.c:32:1: warning: "/*" within comment [-Wcomment]
../src/helloworld.c: In function 'main':
../src/helloworld.c:59:13: warning: initialization makes pointer from integer without a cast [enabled by default]
../src/helloworld.c:61:2: warning: implicit declaration of function 'malloc' [-Wimplicit-function-declaration]
../src/helloworld.c:61:31: warning: incompatible implicit declaration of built-in function 'malloc' [enabled by default]
../src/helloworld.c:103:6: warning: assignment makes pointer from integer without a cast [enabled by default]
../src/helloworld.c:55:6: warning: unused variable 'ret' [-Wunused-variable]
Finished building: ../src/helloworld.c
 
Building target: fft.elf
Invoking: ARM gcc linker
arm-xilinx-eabi-gcc -Wl,-T -Wl,../src/lscript.ld -L../../fft_bsp/ps7_cortexa9_0/lib -o "fft.elf"  ./src/audio.o ./src/helloworld.o ./src/oled.o ./src/platform.o   -lm -Wl,--start-group,-lxil,-lgcc,-lc,--end-group
Finished building target: fft.elf
 
Invoking: ARM Print Size
arm-xilinx-eabi-size fft.elf  |tee "fft.elf.size"
   text	   data	    bss	    dec	    hex	filename
  47728	   2184	  33396	  83308	  1456c	fft.elf
Finished building: fft.elf.size
 
16:53:08 **** Incremental Build of configuration Debug for project fft ****
make all 
make: Nothing to be done for `all'.
16:53:30 **** Auto Build of configuration Debug for project fft ****
make all 
Building file: ../src/helloworld.c
Invoking: ARM gcc compiler
arm-xilinx-eabi-gcc -Wall -O0 -g3 -c -fmessage-length=0 -I../../fft_bsp/ps7_cortexa9_0/include -MMD -MP -MF"src/helloworld.d" -MT"src/helloworld.d" -o "src/helloworld.o" "../src/helloworld.c"
../src/helloworld.c:32:1: warning: "/*" within comment [-Wcomment]
../src/helloworld.c: In function 'main':
../src/helloworld.c:59:13: warning: initialization makes pointer from integer without a cast [enabled by default]
../src/helloworld.c:61:2: warning: implicit declaration of function 'malloc' [-Wimplicit-function-declaration]
../src/helloworld.c:61:31: warning: incompatible implicit declaration of built-in function 'malloc' [enabled by default]
../src/helloworld.c:103:6: warning: assignment makes pointer from integer without a cast [enabled by default]
../src/helloworld.c:55:6: warning: unused variable 'ret' [-Wunused-variable]
Finished building: ../src/helloworld.c
 
Building target: fft.elf
Invoking: ARM gcc linker
arm-xilinx-eabi-gcc -Wl,-T -Wl,../src/lscript.ld -L../../fft_bsp/ps7_cortexa9_0/lib -o "fft.elf"  ./src/audio.o ./src/helloworld.o ./src/oled.o ./src/platform.o   -lm -Wl,--start-group,-lxil,-lgcc,-lc,--end-group
Finished building target: fft.elf
 
Invoking: ARM Print Size
arm-xilinx-eabi-size fft.elf  |tee "fft.elf.size"
   text	   data	    bss	    dec	    hex	filename
  47716	   2184	  33396	  83296	  14560	fft.elf
Finished building: fft.elf.size
 
16:57:18 **** Auto Build of configuration Debug for project fft ****
make all 
Building file: ../src/helloworld.c
Invoking: ARM gcc compiler
arm-xilinx-eabi-gcc -Wall -O0 -g3 -c -fmessage-length=0 -I../../fft_bsp/ps7_cortexa9_0/include -MMD -MP -MF"src/helloworld.d" -MT"src/helloworld.d" -o "src/helloworld.o" "../src/helloworld.c"
../src/helloworld.c:32:1: warning: "/*" within comment [-Wcomment]
../src/helloworld.c: In function 'main':
../src/helloworld.c:59:13: warning: initialization makes pointer from integer without a cast [enabled by default]
../src/helloworld.c:61:2: warning: implicit declaration of function 'malloc' [-Wimplicit-function-declaration]
../src/helloworld.c:61:31: warning: incompatible implicit declaration of built-in function 'malloc' [enabled by default]
../src/helloworld.c:103:6: warning: assignment makes pointer from integer without a cast [enabled by default]
../src/helloworld.c:55:6: warning: unused variable 'ret' [-Wunused-variable]
Finished building: ../src/helloworld.c
 
Building target: fft.elf
Invoking: ARM gcc linker
arm-xilinx-eabi-gcc -Wl,-T -Wl,../src/lscript.ld -L../../fft_bsp/ps7_cortexa9_0/lib -o "fft.elf"  ./src/audio.o ./src/helloworld.o ./src/oled.o ./src/platform.o   -lm -Wl,--start-group,-lxil,-lgcc,-lc,--end-group
Finished building target: fft.elf
 
Invoking: ARM Print Size
arm-xilinx-eabi-size fft.elf  |tee "fft.elf.size"
   text	   data	    bss	    dec	    hex	filename
  47716	   2184	  33396	  83296	  14560	fft.elf
Finished building: fft.elf.size
 
16:57:20 **** Incremental Build of configuration Debug for project fft ****
make all 
make: Nothing to be done for `all'.
16:59:19 **** Auto Build of configuration Debug for project fft ****
make all 
Building file: ../src/helloworld.c
Invoking: ARM gcc compiler
arm-xilinx-eabi-gcc -Wall -O0 -g3 -c -fmessage-length=0 -I../../fft_bsp/ps7_cortexa9_0/include -MMD -MP -MF"src/helloworld.d" -MT"src/helloworld.d" -o "src/helloworld.o" "../src/helloworld.c"
../src/helloworld.c:32:1: warning: "/*" within comment [-Wcomment]
../src/helloworld.c: In function 'main':
../src/helloworld.c:59:13: warning: initialization makes pointer from integer without a cast [enabled by default]
../src/helloworld.c:61:2: warning: implicit declaration of function 'malloc' [-Wimplicit-function-declaration]
../src/helloworld.c:61:31: warning: incompatible implicit declaration of built-in function 'malloc' [enabled by default]
Finished building: ../src/helloworld.c
 
Building target: fft.elf
../src/helloworld.c:103:6: warning: assignment makes pointer from integer without a cast [enabled by default]
Invoking: ARM gcc linker
arm-xilinx-eabi-gcc -Wl,-T -Wl,../src/lscript.ld -L../../fft_bsp/ps7_cortexa9_0/lib -o "fft.elf"  ./src/audio.o ./src/helloworld.o ./src/oled.o ./src/platform.o   -lm -Wl,--start-group,-lxil,-lgcc,-lc,--end-group
../src/helloworld.c:55:6: warning: unused variable 'ret' [-Wunused-variable]
../src/helloworld.c: At top level:
../src/helloworld.c:29:22: warning: 'timer_counter_h' defined but not used [-Wunused-variable]
Finished building target: fft.elf
 
Invoking: ARM Print Size
arm-xilinx-eabi-size fft.elf  |tee "fft.elf.size"
   text	   data	    bss	    dec	    hex	filename
  47568	   2184	  33396	  83148	  144cc	fft.elf
Finished building: fft.elf.size
 
16:59:24 **** Auto Build of configuration Debug for project fft ****
make all 
Building file: ../src/helloworld.c
Invoking: ARM gcc compiler
arm-xilinx-eabi-gcc -Wall -O0 -g3 -c -fmessage-length=0 -I../../fft_bsp/ps7_cortexa9_0/include -MMD -MP -MF"src/helloworld.d" -MT"src/helloworld.d" -o "src/helloworld.o" "../src/helloworld.c"
../src/helloworld.c:32:1: warning: "/*" within comment [-Wcomment]
../src/helloworld.c: In function 'main':
../src/helloworld.c:59:13: warning: initialization makes pointer from integer without a cast [enabled by default]
../src/helloworld.c:61:2: warning: implicit declaration of function 'malloc' [-Wimplicit-function-declaration]
../src/helloworld.c:61:31: warning: incompatible implicit declaration of built-in function 'malloc' [enabled by default]
../src/helloworld.c:103:6: warning: assignment makes pointer from integer without a cast [enabled by default]
../src/helloworld.c:55:6: warning: unused variable 'ret' [-Wunused-variable]
Finished building: ../src/helloworld.c
 
Building target: fft.elf
Invoking: ARM gcc linker
arm-xilinx-eabi-gcc -Wl,-T -Wl,../src/lscript.ld -L../../fft_bsp/ps7_cortexa9_0/lib -o "fft.elf"  ./src/audio.o ./src/helloworld.o ./src/oled.o ./src/platform.o   -lm -Wl,--start-group,-lxil,-lgcc,-lc,--end-group
Finished building target: fft.elf
 
Invoking: ARM Print Size
arm-xilinx-eabi-size fft.elf  |tee "fft.elf.size"
   text	   data	    bss	    dec	    hex	filename
  47640	   2184	  33396	  83220	  14514	fft.elf
Finished building: fft.elf.size
 
16:59:26 **** Incremental Build of configuration Debug for project fft ****
make all 
make: Nothing to be done for `all'.
16:59:45 **** Incremental Build of configuration Debug for project fft ****
make all 
make: Nothing to be done for `all'.
17:01:21 **** Incremental Build of configuration Debug for project fft ****
make all 
make: Nothing to be done for `all'.
17:01:46 **** Auto Build of configuration Debug for project fft ****
make all 
Building file: ../src/helloworld.c
Invoking: ARM gcc compiler
arm-xilinx-eabi-gcc -Wall -O0 -g3 -c -fmessage-length=0 -I../../fft_bsp/ps7_cortexa9_0/include -MMD -MP -MF"src/helloworld.d" -MT"src/helloworld.d" -o "src/helloworld.o" "../src/helloworld.c"
../src/helloworld.c:32:1: warning: "/*" within comment [-Wcomment]
../src/helloworld.c: In function 'main':
../src/helloworld.c:59:13: warning: initialization makes pointer from integer without a cast [enabled by default]
../src/helloworld.c:61:2: warning: implicit declaration of function 'malloc' [-Wimplicit-function-declaration]
../src/helloworld.c:61:31: warning: incompatible implicit declaration of built-in function 'malloc' [enabled by default]
../src/helloworld.c:103:6: warning: assignment makes pointer from integer without a cast [enabled by default]
../src/helloworld.c:55:6: warning: unused variable 'ret' [-Wunused-variable]
Finished building: ../src/helloworld.c
 
Building target: fft.elf
Invoking: ARM gcc linker
arm-xilinx-eabi-gcc -Wl,-T -Wl,../src/lscript.ld -L../../fft_bsp/ps7_cortexa9_0/lib -o "fft.elf"  ./src/audio.o ./src/helloworld.o ./src/oled.o ./src/platform.o   -lm -Wl,--start-group,-lxil,-lgcc,-lc,--end-group
Finished building target: fft.elf
 
Invoking: ARM Print Size
arm-xilinx-eabi-size fft.elf  |tee "fft.elf.size"
   text	   data	    bss	    dec	    hex	filename
  47672	   2184	  33396	  83252	  14534	fft.elf
Finished building: fft.elf.size
 
17:01:47 **** Incremental Build of configuration Debug for project fft ****
make all 
make: Nothing to be done for `all'.
17:02:03 **** Auto Build of configuration Debug for project fft ****
make all 
Building file: ../src/helloworld.c
Invoking: ARM gcc compiler
arm-xilinx-eabi-gcc -Wall -O0 -g3 -c -fmessage-length=0 -I../../fft_bsp/ps7_cortexa9_0/include -MMD -MP -MF"src/helloworld.d" -MT"src/helloworld.d" -o "src/helloworld.o" "../src/helloworld.c"
../src/helloworld.c:32:1: warning: "/*" within comment [-Wcomment]
../src/helloworld.c: In function 'main':
../src/helloworld.c:59:13: warning: initialization makes pointer from integer without a cast [enabled by default]
../src/helloworld.c:61:2: warning: implicit declaration of function 'malloc' [-Wimplicit-function-declaration]
../src/helloworld.c:61:31: warning: incompatible implicit declaration of built-in function 'malloc' [enabled by default]
../src/helloworld.c:103:6: warning: assignment makes pointer from integer without a cast [enabled by default]
../src/helloworld.c:55:6: warning: unused variable 'ret' [-Wunused-variable]
Finished building: ../src/helloworld.c
 
Building target: fft.elf
Invoking: ARM gcc linker
arm-xilinx-eabi-gcc -Wl,-T -Wl,../src/lscript.ld -L../../fft_bsp/ps7_cortexa9_0/lib -o "fft.elf"  ./src/audio.o ./src/helloworld.o ./src/oled.o ./src/platform.o   -lm -Wl,--start-group,-lxil,-lgcc,-lc,--end-group
Finished building target: fft.elf
 
Invoking: ARM Print Size
arm-xilinx-eabi-size fft.elf  |tee "fft.elf.size"
   text	   data	    bss	    dec	    hex	filename
  47716	   2184	  33396	  83296	  14560	fft.elf
Finished building: fft.elf.size
 
17:02:05 **** Incremental Build of configuration Debug for project fft ****
make all 
make: Nothing to be done for `all'.
17:02:39 **** Incremental Build of configuration Debug for project fft ****
make all 
make: Nothing to be done for `all'.
17:02:51 **** Incremental Build of configuration Debug for project fft ****
make all 
make: Nothing to be done for `all'.
17:03:04 **** Incremental Build of configuration Debug for project fft ****
make all 
make: Nothing to be done for `all'.
17:03:14 **** Incremental Build of configuration Debug for project fft ****
make all 
make: Nothing to be done for `all'.
17:04:14 **** Auto Build of configuration Debug for project fft ****
make all 
Building file: ../src/helloworld.c
Invoking: ARM gcc compiler
arm-xilinx-eabi-gcc -Wall -O0 -g3 -c -fmessage-length=0 -I../../fft_bsp/ps7_cortexa9_0/include -MMD -MP -MF"src/helloworld.d" -MT"src/helloworld.d" -o "src/helloworld.o" "../src/helloworld.c"
../src/helloworld.c:32:1: warning: "/*" within comment [-Wcomment]
../src/helloworld.c: In function 'main':
../src/helloworld.c:59:13: warning: initialization makes pointer from integer without a cast [enabled by default]
../src/helloworld.c:61:2: warning: implicit declaration of function 'malloc' [-Wimplicit-function-declaration]
../src/helloworld.c:61:31: warning: incompatible implicit declaration of built-in function 'malloc' [enabled by default]
../src/helloworld.c:110:6: warning: assignment makes pointer from integer without a cast [enabled by default]
Finished building: ../src/helloworld.c
../src/helloworld.c:55:6: warning: unused variable 'ret' [-Wunused-variable]
 
Building target: fft.elf
Invoking: ARM gcc linker
arm-xilinx-eabi-gcc -Wl,-T -Wl,../src/lscript.ld -L../../fft_bsp/ps7_cortexa9_0/lib -o "fft.elf"  ./src/audio.o ./src/helloworld.o ./src/oled.o ./src/platform.o   -lm -Wl,--start-group,-lxil,-lgcc,-lc,--end-group
Finished building target: fft.elf
 
Invoking: ARM Print Size
arm-xilinx-eabi-size fft.elf  |tee "fft.elf.size"
   text	   data	    bss	    dec	    hex	filename
  47716	   2184	  33396	  83296	  14560	fft.elf
Finished building: fft.elf.size
 
17:04:16 **** Incremental Build of configuration Debug for project fft ****
make all 
make: Nothing to be done for `all'.
17:05:32 **** Auto Build of configuration Debug for project fft ****
make all 
Building file: ../src/helloworld.c
Invoking: ARM gcc compiler
arm-xilinx-eabi-gcc -Wall -O0 -g3 -c -fmessage-length=0 -I../../fft_bsp/ps7_cortexa9_0/include -MMD -MP -MF"src/helloworld.d" -MT"src/helloworld.d" -o "src/helloworld.o" "../src/helloworld.c"
../src/helloworld.c:32:1: warning: "/*" within comment [-Wcomment]
../src/helloworld.c: In function 'main':
../src/helloworld.c:59:13: warning: initialization makes pointer from integer without a cast [enabled by default]
../src/helloworld.c:61:2: warning: implicit declaration of function 'malloc' [-Wimplicit-function-declaration]
../src/helloworld.c:61:31: warning: incompatible implicit declaration of built-in function 'malloc' [enabled by default]
../src/helloworld.c:115:6: warning: assignment makes pointer from integer without a cast [enabled by default]
../src/helloworld.c:55:6: warning: unused variable 'ret' [-Wunused-variable]
Finished building: ../src/helloworld.c
 
Building target: fft.elf
Invoking: ARM gcc linker
arm-xilinx-eabi-gcc -Wl,-T -Wl,../src/lscript.ld -L../../fft_bsp/ps7_cortexa9_0/lib -o "fft.elf"  ./src/audio.o ./src/helloworld.o ./src/oled.o ./src/platform.o   -lm -Wl,--start-group,-lxil,-lgcc,-lc,--end-group
Finished building target: fft.elf
 
Invoking: ARM Print Size
arm-xilinx-eabi-size fft.elf  |tee "fft.elf.size"
   text	   data	    bss	    dec	    hex	filename
  47896	   2184	  33396	  83476	  14614	fft.elf
Finished building: fft.elf.size
 
17:06:09 **** Auto Build of configuration Debug for project fft ****
make all 
Building file: ../src/helloworld.c
Invoking: ARM gcc compiler
arm-xilinx-eabi-gcc -Wall -O0 -g3 -c -fmessage-length=0 -I../../fft_bsp/ps7_cortexa9_0/include -MMD -MP -MF"src/helloworld.d" -MT"src/helloworld.d" -o "src/helloworld.o" "../src/helloworld.c"
../src/helloworld.c:32:1: warning: "/*" within comment [-Wcomment]
../src/helloworld.c: In function 'main':
../src/helloworld.c:59:13: warning: initialization makes pointer from integer without a cast [enabled by default]
../src/helloworld.c:61:2: warning: implicit declaration of function 'malloc' [-Wimplicit-function-declaration]
../src/helloworld.c:61:31: warning: incompatible implicit declaration of built-in function 'malloc' [enabled by default]
../src/helloworld.c:115:6: warning: assignment makes pointer from integer without a cast [enabled by default]
../src/helloworld.c:55:6: warning: unused variable 'ret' [-Wunused-variable]
Finished building: ../src/helloworld.c
 
Building target: fft.elf
Invoking: ARM gcc linker
arm-xilinx-eabi-gcc -Wl,-T -Wl,../src/lscript.ld -L../../fft_bsp/ps7_cortexa9_0/lib -o "fft.elf"  ./src/audio.o ./src/helloworld.o ./src/oled.o ./src/platform.o   -lm -Wl,--start-group,-lxil,-lgcc,-lc,--end-group
Finished building target: fft.elf
 
Invoking: ARM Print Size
arm-xilinx-eabi-size fft.elf  |tee "fft.elf.size"
   text	   data	    bss	    dec	    hex	filename
  48048	   2184	  33396	  83628	  146ac	fft.elf
Finished building: fft.elf.size
 
17:06:29 **** Auto Build of configuration Debug for project fft ****
make all 
Building file: ../src/helloworld.c
Invoking: ARM gcc compiler
arm-xilinx-eabi-gcc -Wall -O0 -g3 -c -fmessage-length=0 -I../../fft_bsp/ps7_cortexa9_0/include -MMD -MP -MF"src/helloworld.d" -MT"src/helloworld.d" -o "src/helloworld.o" "../src/helloworld.c"
../src/helloworld.c:32:1: warning: "/*" within comment [-Wcomment]
../src/helloworld.c: In function 'main':
../src/helloworld.c:59:13: warning: initialization makes pointer from integer without a cast [enabled by default]
../src/helloworld.c:61:2: warning: implicit declaration of function 'malloc' [-Wimplicit-function-declaration]
../src/helloworld.c:61:31: warning: incompatible implicit declaration of built-in function 'malloc' [enabled by default]
../src/helloworld.c:115:6: warning: assignment makes pointer from integer without a cast [enabled by default]
../src/helloworld.c:55:6: warning: unused variable 'ret' [-Wunused-variable]
Finished building: ../src/helloworld.c
 
Building target: fft.elf
Invoking: ARM gcc linker
arm-xilinx-eabi-gcc -Wl,-T -Wl,../src/lscript.ld -L../../fft_bsp/ps7_cortexa9_0/lib -o "fft.elf"  ./src/audio.o ./src/helloworld.o ./src/oled.o ./src/platform.o   -lm -Wl,--start-group,-lxil,-lgcc,-lc,--end-group
Finished building target: fft.elf
 
Invoking: ARM Print Size
arm-xilinx-eabi-size fft.elf  |tee "fft.elf.size"
   text	   data	    bss	    dec	    hex	filename
  47972	   2184	  33396	  83552	  14660	fft.elf
Finished building: fft.elf.size
 
17:08:43 **** Auto Build of configuration Debug for project fft ****
make all 
Building file: ../src/helloworld.c
Invoking: ARM gcc compiler
arm-xilinx-eabi-gcc -Wall -O0 -g3 -c -fmessage-length=0 -I../../fft_bsp/ps7_cortexa9_0/include -MMD -MP -MF"src/helloworld.d" -MT"src/helloworld.d" -o "src/helloworld.o" "../src/helloworld.c"
../src/helloworld.c:32:1: warning: "/*" within comment [-Wcomment]
../src/helloworld.c: In function 'main':
../src/helloworld.c:60:13: warning: initialization makes pointer from integer without a cast [enabled by default]
../src/helloworld.c:62:2: warning: implicit declaration of function 'malloc' [-Wimplicit-function-declaration]
../src/helloworld.c:62:31: warning: incompatible implicit declaration of built-in function 'malloc' [enabled by default]
../src/helloworld.c:116:6: warning: assignment makes pointer from integer without a cast [enabled by default]
../src/helloworld.c:57:12: warning: unused variable 'time2' [-Wunused-variable]
../src/helloworld.c:57:6: warning: unused variable 'time1' [-Wunused-variable]
../src/helloworld.c:55:6: warning: unused variable 'ret' [-Wunused-variable]
Finished building: ../src/helloworld.c
 
Building target: fft.elf
Invoking: ARM gcc linker
arm-xilinx-eabi-gcc -Wl,-T -Wl,../src/lscript.ld -L../../fft_bsp/ps7_cortexa9_0/lib -o "fft.elf"  ./src/audio.o ./src/helloworld.o ./src/oled.o ./src/platform.o   -lm -Wl,--start-group,-lxil,-lgcc,-lc,--end-group
Finished building target: fft.elf
 
Invoking: ARM Print Size
arm-xilinx-eabi-size fft.elf  |tee "fft.elf.size"
   text	   data	    bss	    dec	    hex	filename
  47952	   2184	  33396	  83532	  1464c	fft.elf
Finished building: fft.elf.size
 
17:09:53 **** Auto Build of configuration Debug for project fft ****
make all 
Building file: ../src/helloworld.c
Invoking: ARM gcc compiler
arm-xilinx-eabi-gcc -Wall -O0 -g3 -c -fmessage-length=0 -I../../fft_bsp/ps7_cortexa9_0/include -MMD -MP -MF"src/helloworld.d" -MT"src/helloworld.d" -o "src/helloworld.o" "../src/helloworld.c"
../src/helloworld.c:32:1: warning: "/*" within comment [-Wcomment]
../src/helloworld.c: In function 'main':
../src/helloworld.c:60:13: warning: initialization makes pointer from integer without a cast [enabled by default]
../src/helloworld.c:62:2: warning: implicit declaration of function 'malloc' [-Wimplicit-function-declaration]
../src/helloworld.c:62:31: warning: incompatible implicit declaration of built-in function 'malloc' [enabled by default]
../src/helloworld.c:116:6: warning: assignment makes pointer from integer without a cast [enabled by default]
../src/helloworld.c:126:7: warning: assignment makes integer from pointer without a cast [enabled by default]
../src/helloworld.c:57:12: warning: unused variable 'time2' [-Wunused-variable]
../src/helloworld.c:57:6: warning: variable 'time1' set but not used [-Wunused-but-set-variable]
Finished building: ../src/helloworld.c
../src/helloworld.c:55:6: warning: unused variable 'ret' [-Wunused-variable]
 
Building target: fft.elf
Invoking: ARM gcc linker
arm-xilinx-eabi-gcc -Wl,-T -Wl,../src/lscript.ld -L../../fft_bsp/ps7_cortexa9_0/lib -o "fft.elf"  ./src/audio.o ./src/helloworld.o ./src/oled.o ./src/platform.o   -lm -Wl,--start-group,-lxil,-lgcc,-lc,--end-group
Finished building target: fft.elf
 
Invoking: ARM Print Size
arm-xilinx-eabi-size fft.elf  |tee "fft.elf.size"
   text	   data	    bss	    dec	    hex	filename
  47968	   2184	  33396	  83548	  1465c	fft.elf
Finished building: fft.elf.size
 
17:11:37 **** Auto Build of configuration Debug for project fft ****
make all 
Building file: ../src/helloworld.c
Invoking: ARM gcc compiler
arm-xilinx-eabi-gcc -Wall -O0 -g3 -c -fmessage-length=0 -I../../fft_bsp/ps7_cortexa9_0/include -MMD -MP -MF"src/helloworld.d" -MT"src/helloworld.d" -o "src/helloworld.o" "../src/helloworld.c"
../src/helloworld.c:32:1: warning: "/*" within comment [-Wcomment]
../src/helloworld.c: In function 'main':
../src/helloworld.c:60:13: warning: initialization makes pointer from integer without a cast [enabled by default]
../src/helloworld.c:62:2: warning: implicit declaration of function 'malloc' [-Wimplicit-function-declaration]
../src/helloworld.c:62:31: warning: incompatible implicit declaration of built-in function 'malloc' [enabled by default]
../src/helloworld.c:116:6: warning: assignment makes pointer from integer without a cast [enabled by default]
../src/helloworld.c:123:7: warning: assignment makes integer from pointer without a cast [enabled by default]
Finished building: ../src/helloworld.c
../src/helloworld.c:125:7: warning: assignment makes integer from pointer without a cast [enabled by default]
 
../src/helloworld.c:57:12: warning: variable 'time2' set but not used [-Wunused-but-set-variable]
Building target: fft.elf
Invoking: ARM gcc linker
../src/helloworld.c:57:6: warning: variable 'time1' set but not used [-Wunused-but-set-variable]
arm-xilinx-eabi-gcc -Wl,-T -Wl,../src/lscript.ld -L../../fft_bsp/ps7_cortexa9_0/lib -o "fft.elf"  ./src/audio.o ./src/helloworld.o ./src/oled.o ./src/platform.o   -lm -Wl,--start-group,-lxil,-lgcc,-lc,--end-group
../src/helloworld.c:55:6: warning: unused variable 'ret' [-Wunused-variable]
Finished building target: fft.elf
 
Invoking: ARM Print Size
arm-xilinx-eabi-size fft.elf  |tee "fft.elf.size"
   text	   data	    bss	    dec	    hex	filename
  47892	   2184	  33396	  83472	  14610	fft.elf
Finished building: fft.elf.size
 
17:12:17 **** Auto Build of configuration Debug for project fft ****
make all 
Building file: ../src/helloworld.c
Invoking: ARM gcc compiler
arm-xilinx-eabi-gcc -Wall -O0 -g3 -c -fmessage-length=0 -I../../fft_bsp/ps7_cortexa9_0/include -MMD -MP -MF"src/helloworld.d" -MT"src/helloworld.d" -o "src/helloworld.o" "../src/helloworld.c"
../src/helloworld.c:32:1: warning: "/*" within comment [-Wcomment]
../src/helloworld.c: In function 'main':
../src/helloworld.c:60:13: warning: initialization makes pointer from integer without a cast [enabled by default]
../src/helloworld.c:62:2: warning: implicit declaration of function 'malloc' [-Wimplicit-function-declaration]
../src/helloworld.c:62:31: warning: incompatible implicit declaration of built-in function 'malloc' [enabled by default]
../src/helloworld.c:116:6: warning: assignment makes pointer from integer without a cast [enabled by default]
../src/helloworld.c:123:7: warning: assignment makes integer from pointer without a cast [enabled by default]
../src/helloworld.c:125:7: warning: assignment makes integer from pointer without a cast [enabled by default]
../src/helloworld.c:55:6: warning: unused variable 'ret' [-Wunused-variable]
Finished building: ../src/helloworld.c
 
Building target: fft.elf
Invoking: ARM gcc linker
arm-xilinx-eabi-gcc -Wl,-T -Wl,../src/lscript.ld -L../../fft_bsp/ps7_cortexa9_0/lib -o "fft.elf"  ./src/audio.o ./src/helloworld.o ./src/oled.o ./src/platform.o   -lm -Wl,--start-group,-lxil,-lgcc,-lc,--end-group
Finished building target: fft.elf
 
Invoking: ARM Print Size
arm-xilinx-eabi-size fft.elf  |tee "fft.elf.size"
   text	   data	    bss	    dec	    hex	filename
  47896	   2184	  33396	  83476	  14614	fft.elf
Finished building: fft.elf.size
 
17:12:22 **** Incremental Build of configuration Debug for project fft ****
make all 
make: Nothing to be done for `all'.
17:14:34 **** Incremental Build of configuration Debug for project fft ****
make all 
make: Nothing to be done for `all'.
17:14:39 **** Incremental Build of configuration Debug for project fft ****
make all 
make: Nothing to be done for `all'.
17:15:14 **** Incremental Build of configuration Debug for project fft ****
make all 
make: Nothing to be done for `all'.
17:16:49 **** Auto Build of configuration Debug for project fft ****
make all 
Building file: ../src/helloworld.c
Invoking: ARM gcc compiler
arm-xilinx-eabi-gcc -Wall -O0 -g3 -c -fmessage-length=0 -I../../fft_bsp/ps7_cortexa9_0/include -MMD -MP -MF"src/helloworld.d" -MT"src/helloworld.d" -o "src/helloworld.o" "../src/helloworld.c"
../src/helloworld.c:32:1: warning: "/*" within comment [-Wcomment]
../src/helloworld.c: In function 'main':
../src/helloworld.c:60:13: warning: initialization makes pointer from integer without a cast [enabled by default]
../src/helloworld.c:62:2: warning: implicit declaration of function 'malloc' [-Wimplicit-function-declaration]
../src/helloworld.c:62:31: warning: incompatible implicit declaration of built-in function 'malloc' [enabled by default]
../src/helloworld.c:116:6: warning: assignment makes pointer from integer without a cast [enabled by default]
../src/helloworld.c:123:7: warning: assignment makes integer from pointer without a cast [enabled by default]
../src/helloworld.c:125:7: warning: assignment makes integer from pointer without a cast [enabled by default]
Finished building: ../src/helloworld.c
../src/helloworld.c:55:6: warning: unused variable 'ret' [-Wunused-variable]
 
Building target: fft.elf
Invoking: ARM gcc linker
arm-xilinx-eabi-gcc -Wl,-T -Wl,../src/lscript.ld -L../../fft_bsp/ps7_cortexa9_0/lib -o "fft.elf"  ./src/audio.o ./src/helloworld.o ./src/oled.o ./src/platform.o   -lm -Wl,--start-group,-lxil,-lgcc,-lc,--end-group
Finished building target: fft.elf
 
Invoking: ARM Print Size
arm-xilinx-eabi-size fft.elf  |tee "fft.elf.size"
   text	   data	    bss	    dec	    hex	filename
  47916	   2184	  33396	  83496	  14628	fft.elf
Finished building: fft.elf.size
 
17:16:50 **** Incremental Build of configuration Debug for project fft ****
make all 
make: Nothing to be done for `all'.
17:17:45 **** Incremental Build of configuration Debug for project fft ****
make all 
make: Nothing to be done for `all'.
17:19:08 **** Auto Build of configuration Debug for project fft ****
make all 
Building file: ../src/helloworld.c
Invoking: ARM gcc compiler
arm-xilinx-eabi-gcc -Wall -O0 -g3 -c -fmessage-length=0 -I../../fft_bsp/ps7_cortexa9_0/include -MMD -MP -MF"src/helloworld.d" -MT"src/helloworld.d" -o "src/helloworld.o" "../src/helloworld.c"
../src/helloworld.c:32:1: warning: "/*" within comment [-Wcomment]
../src/helloworld.c: In function 'main':
../src/helloworld.c:59:13: warning: initialization makes pointer from integer without a cast [enabled by default]
../src/helloworld.c:61:2: warning: implicit declaration of function 'malloc' [-Wimplicit-function-declaration]
../src/helloworld.c:61:31: warning: incompatible implicit declaration of built-in function 'malloc' [enabled by default]
../src/helloworld.c:103:6: warning: assignment makes pointer from integer without a cast [enabled by default]
../src/helloworld.c:55:6: warning: unused variable 'ret' [-Wunused-variable]
Finished building: ../src/helloworld.c
 
Building target: fft.elf
Invoking: ARM gcc linker
arm-xilinx-eabi-gcc -Wl,-T -Wl,../src/lscript.ld -L../../fft_bsp/ps7_cortexa9_0/lib -o "fft.elf"  ./src/audio.o ./src/helloworld.o ./src/oled.o ./src/platform.o   -lm -Wl,--start-group,-lxil,-lgcc,-lc,--end-group
Finished building target: fft.elf
 
Invoking: ARM Print Size
arm-xilinx-eabi-size fft.elf  |tee "fft.elf.size"
   text	   data	    bss	    dec	    hex	filename
  47716	   2184	  33396	  83296	  14560	fft.elf
Finished building: fft.elf.size
 
17:19:10 **** Incremental Build of configuration Debug for project fft ****
make all 
make: Nothing to be done for `all'.
17:20:42 **** Auto Build of configuration Debug for project fft ****
make all 
Building file: ../src/helloworld.c
Invoking: ARM gcc compiler
arm-xilinx-eabi-gcc -Wall -O0 -g3 -c -fmessage-length=0 -I../../fft_bsp/ps7_cortexa9_0/include -MMD -MP -MF"src/helloworld.d" -MT"src/helloworld.d" -o "src/helloworld.o" "../src/helloworld.c"
../src/helloworld.c:32:1: warning: "/*" within comment [-Wcomment]
../src/helloworld.c: In function 'main':
../src/helloworld.c:59:13: warning: initialization makes pointer from integer without a cast [enabled by default]
../src/helloworld.c:61:2: warning: implicit declaration of function 'malloc' [-Wimplicit-function-declaration]
../src/helloworld.c:61:31: warning: incompatible implicit declaration of built-in function 'malloc' [enabled by default]
../src/helloworld.c:103:7: warning: assignment makes pointer from integer without a cast [enabled by default]
../src/helloworld.c:55:6: warning: unused variable 'ret' [-Wunused-variable]
Finished building: ../src/helloworld.c
 
Building target: fft.elf
Invoking: ARM gcc linker
arm-xilinx-eabi-gcc -Wl,-T -Wl,../src/lscript.ld -L../../fft_bsp/ps7_cortexa9_0/lib -o "fft.elf"  ./src/audio.o ./src/helloworld.o ./src/oled.o ./src/platform.o   -lm -Wl,--start-group,-lxil,-lgcc,-lc,--end-group
Finished building target: fft.elf
 
Invoking: ARM Print Size
arm-xilinx-eabi-size fft.elf  |tee "fft.elf.size"
   text	   data	    bss	    dec	    hex	filename
  47716	   2184	  33396	  83296	  14560	fft.elf
Finished building: fft.elf.size
 
17:20:43 **** Incremental Build of configuration Debug for project fft ****
make all 
make: Nothing to be done for `all'.
17:20:56 **** Incremental Build of configuration Debug for project fft ****
make all 
make: Nothing to be done for `all'.
17:21:28 **** Auto Build of configuration Debug for project fft ****
make all 
Building file: ../src/helloworld.c
Invoking: ARM gcc compiler
arm-xilinx-eabi-gcc -Wall -O0 -g3 -c -fmessage-length=0 -I../../fft_bsp/ps7_cortexa9_0/include -MMD -MP -MF"src/helloworld.d" -MT"src/helloworld.d" -o "src/helloworld.o" "../src/helloworld.c"
../src/helloworld.c:32:1: warning: "/*" within comment [-Wcomment]
../src/helloworld.c: In function 'main':
../src/helloworld.c:58:13: warning: initialization makes pointer from integer without a cast [enabled by default]
../src/helloworld.c:60:2: warning: implicit declaration of function 'malloc' [-Wimplicit-function-declaration]
../src/helloworld.c:60:31: warning: incompatible implicit declaration of built-in function 'malloc' [enabled by default]
../src/helloworld.c:86:6: warning: assignment makes pointer from integer without a cast [enabled by default]
Finished building: ../src/helloworld.c
 
Building target: fft.elf
Invoking: ARM gcc linker
arm-xilinx-eabi-gcc -Wl,-T -Wl,../src/lscript.ld -L../../fft_bsp/ps7_cortexa9_0/lib -o "fft.elf"  ./src/audio.o ./src/helloworld.o ./src/oled.o ./src/platform.o   -lm -Wl,--start-group,-lxil,-lgcc,-lc,--end-group
Finished building target: fft.elf
 
Invoking: ARM Print Size
arm-xilinx-eabi-size fft.elf  |tee "fft.elf.size"
   text	   data	    bss	    dec	    hex	filename
  53144	   2184	  33396	  88724	  15a94	fft.elf
Finished building: fft.elf.size
 
17:21:29 **** Incremental Build of configuration Debug for project fft ****
make all 
make: Nothing to be done for `all'.
17:21:44 **** Auto Build of configuration Debug for project fft ****
make all 
Building file: ../src/helloworld.c
Invoking: ARM gcc compiler
arm-xilinx-eabi-gcc -Wall -O0 -g3 -c -fmessage-length=0 -I../../fft_bsp/ps7_cortexa9_0/include -MMD -MP -MF"src/helloworld.d" -MT"src/helloworld.d" -o "src/helloworld.o" "../src/helloworld.c"
../src/helloworld.c:32:1: warning: "/*" within comment [-Wcomment]
../src/helloworld.c: In function 'main':
../src/helloworld.c:59:13: warning: initialization makes pointer from integer without a cast [enabled by default]
../src/helloworld.c:61:2: warning: implicit declaration of function 'malloc' [-Wimplicit-function-declaration]
../src/helloworld.c:61:31: warning: incompatible implicit declaration of built-in function 'malloc' [enabled by default]
[...]
make all 
make: Nothing to be done for `all'.
22:12:33 **** Incremental Build of configuration Debug for project fft ****
make all 
make: Nothing to be done for `all'.
22:14:05 **** Incremental Build of configuration Debug for project fft ****
make all 
make: Nothing to be done for `all'.
22:14:11 **** Incremental Build of configuration Debug for project fft ****
make all 
make: Nothing to be done for `all'.
22:14:22 **** Auto Build of configuration Debug for project fft ****
make all 
Building file: ../src/helloworld.c
Invoking: ARM gcc compiler
arm-xilinx-eabi-gcc -Wall -O0 -g3 -c -fmessage-length=0 -I../../fft_bsp/ps7_cortexa9_0/include -MMD -MP -MF"src/helloworld.d" -MT"src/helloworld.d" -o "src/helloworld.o" "../src/helloworld.c"
../src/helloworld.c:31:1: warning: "/*" within comment [-Wcomment]
../src/helloworld.c: In function 'main':
../src/helloworld.c:58:13: warning: initialization makes pointer from integer without a cast [enabled by default]
../src/helloworld.c:60:2: warning: implicit declaration of function 'malloc' [-Wimplicit-function-declaration]
../src/helloworld.c:60:31: warning: incompatible implicit declaration of built-in function 'malloc' [enabled by default]
../src/helloworld.c:72:7: warning: assignment makes pointer from integer without a cast [enabled by default]
../src/helloworld.c:91:7: warning: assignment makes pointer from integer without a cast [enabled by default]
../src/helloworld.c:59:10: warning: unused variable 'DmaInst' [-Wunused-variable]
Finished building: ../src/helloworld.c
../src/helloworld.c:56:6: warning: unused variable 'Status' [-Wunused-variable]
 
../src/helloworld.c:55:6: warning: unused variable 'rat' [-Wunused-variable]
Building target: fft.elf
../src/helloworld.c: At top level:
Invoking: ARM gcc linker
../src/helloworld.c:27:22: warning: 'timer_counter_l' defined but not used [-Wunused-variable]
arm-xilinx-eabi-gcc -Wl,-T -Wl,../src/lscript.ld -L../../fft_bsp/ps7_cortexa9_0/lib -o "fft.elf"  ./src/audio.o ./src/helloworld.o ./src/oled.o ./src/platform.o   -lm -Wl,--start-group,-lxil,-lgcc,-lc,--end-group
../src/helloworld.c:28:22: warning: 'timer_counter_h' defined but not used [-Wunused-variable]
Finished building target: fft.elf
../src/helloworld.c:29:22: warning: 'timer_ctrl' defined but not used [-Wunused-variable]
 
Invoking: ARM Print Size
arm-xilinx-eabi-size fft.elf  |tee "fft.elf.size"
   text	   data	    bss	    dec	    hex	filename
  47384	   2184	  33396	  82964	  14414	fft.elf
Finished building: fft.elf.size
 
22:14:25 **** Auto Build of configuration Debug for project fft ****
make all 
Building file: ../src/helloworld.c
Invoking: ARM gcc compiler
arm-xilinx-eabi-gcc -Wall -O0 -g3 -c -fmessage-length=0 -I../../fft_bsp/ps7_cortexa9_0/include -MMD -MP -MF"src/helloworld.d" -MT"src/helloworld.d" -o "src/helloworld.o" "../src/helloworld.c"
../src/helloworld.c:31:1: warning: "/*" within comment [-Wcomment]
../src/helloworld.c: In function 'main':
../src/helloworld.c:58:13: warning: initialization makes pointer from integer without a cast [enabled by default]
../src/helloworld.c:60:2: warning: implicit declaration of function 'malloc' [-Wimplicit-function-declaration]
../src/helloworld.c:60:31: warning: incompatible implicit declaration of built-in function 'malloc' [enabled by default]
../src/helloworld.c:72:7: warning: assignment makes pointer from integer without a cast [enabled by default]
../src/helloworld.c:91:7: warning: assignment makes pointer from integer without a cast [enabled by default]
../src/helloworld.c:59:10: warning: unused variable 'DmaInst' [-Wunused-variable]
Finished building: ../src/helloworld.c
 
Building target: fft.elf
Invoking: ARM gcc linker
arm-xilinx-eabi-gcc -Wl,-T -Wl,../src/lscript.ld -L../../fft_bsp/ps7_cortexa9_0/lib -o "fft.elf"  ./src/audio.o ./src/helloworld.o ./src/oled.o ./src/platform.o   -lm -Wl,--start-group,-lxil,-lgcc,-lc,--end-group
../src/helloworld.c:56:6: warning: unused variable 'Status' [-Wunused-variable]
../src/helloworld.c:55:6: warning: unused variable 'rat' [-Wunused-variable]
../src/helloworld.c: At top level:
../src/helloworld.c:27:22: warning: 'timer_counter_l' defined but not used [-Wunused-variable]
Finished building target: fft.elf
 
Invoking: ARM Print Size
../src/helloworld.c:28:22: warning: 'timer_counter_h' defined but not used [-Wunused-variable]
arm-xilinx-eabi-size fft.elf  |tee "fft.elf.size"
   text	   data	    bss	    dec	    hex	filename
  47344	   2184	  33396	  82924	  143ec	fft.elf
Finished building: fft.elf.size
 
../src/helloworld.c:29:22: warning: 'timer_ctrl' defined but not used [-Wunused-variable]
22:14:26 **** Incremental Build of configuration Debug for project fft ****
make all 
make: Nothing to be done for `all'.
22:14:47 **** Auto Build of configuration Debug for project fft ****
make all 
Building file: ../src/helloworld.c
Invoking: ARM gcc compiler
arm-xilinx-eabi-gcc -Wall -O0 -g3 -c -fmessage-length=0 -I../../fft_bsp/ps7_cortexa9_0/include -MMD -MP -MF"src/helloworld.d" -MT"src/helloworld.d" -o "src/helloworld.o" "../src/helloworld.c"
../src/helloworld.c:31:1: warning: "/*" within comment [-Wcomment]
../src/helloworld.c: In function 'main':
../src/helloworld.c:58:13: warning: initialization makes pointer from integer without a cast [enabled by default]
../src/helloworld.c:60:2: warning: implicit declaration of function 'malloc' [-Wimplicit-function-declaration]
../src/helloworld.c:60:31: warning: incompatible implicit declaration of built-in function 'malloc' [enabled by default]
../src/helloworld.c:72:7: warning: assignment makes pointer from integer without a cast [enabled by default]
../src/helloworld.c:91:7: warning: assignment makes pointer from integer without a cast [enabled by default]
Finished building: ../src/helloworld.c
../src/helloworld.c:59:10: warning: unused variable 'DmaInst' [-Wunused-variable]
../src/helloworld.c:56:6: warning: unused variable 'Status' [-Wunused-variable]
 
Building target: fft.elf
Invoking: ARM gcc linker
arm-xilinx-eabi-gcc -Wl,-T -Wl,../src/lscript.ld -L../../fft_bsp/ps7_cortexa9_0/lib -o "fft.elf"  ./src/audio.o ./src/helloworld.o ./src/oled.o ./src/platform.o   -lm -Wl,--start-group,-lxil,-lgcc,-lc,--end-group
../src/helloworld.c:55:6: warning: unused variable 'rat' [-Wunused-variable]
../src/helloworld.c: At top level:
../src/helloworld.c:27:22: warning: 'timer_counter_l' defined but not used [-Wunused-variable]
../src/helloworld.c:28:22: warning: 'timer_counter_h' defined but not used [-Wunused-variable]
../src/helloworld.c:29:22: warning: 'timer_ctrl' defined but not used [-Wunused-variable]
Finished building target: fft.elf
 
Invoking: ARM Print Size
arm-xilinx-eabi-size fft.elf  |tee "fft.elf.size"
   text	   data	    bss	    dec	    hex	filename
  47428	   2184	  33396	  83008	  14440	fft.elf
Finished building: fft.elf.size
 
22:14:47 **** Incremental Build of configuration Debug for project fft ****
make all 
make: Nothing to be done for `all'.
22:15:05 **** Auto Build of configuration Debug for project fft ****
make all 
Building file: ../src/helloworld.c
Invoking: ARM gcc compiler
arm-xilinx-eabi-gcc -Wall -O0 -g3 -c -fmessage-length=0 -I../../fft_bsp/ps7_cortexa9_0/include -MMD -MP -MF"src/helloworld.d" -MT"src/helloworld.d" -o "src/helloworld.o" "../src/helloworld.c"
../src/helloworld.c:31:1: warning: "/*" within comment [-Wcomment]
../src/helloworld.c: In function 'main':
../src/helloworld.c:58:13: warning: initialization makes pointer from integer without a cast [enabled by default]
../src/helloworld.c:60:2: warning: implicit declaration of function 'malloc' [-Wimplicit-function-declaration]
../src/helloworld.c:60:31: warning: incompatible implicit declaration of built-in function 'malloc' [enabled by default]
../src/helloworld.c:72:7: warning: assignment makes pointer from integer without a cast [enabled by default]
../src/helloworld.c:91:7: warning: assignment makes pointer from integer without a cast [enabled by default]
Finished building: ../src/helloworld.c
 
Building target: fft.elf
../src/helloworld.c:59:10: warning: unused variable 'DmaInst' [-Wunused-variable]
Invoking: ARM gcc linker
../src/helloworld.c:56:6: warning: unused variable 'Status' [-Wunused-variable]
../src/helloworld.c:55:6: warning: unused variable 'rat' [-Wunused-variable]
arm-xilinx-eabi-gcc -Wl,-T -Wl,../src/lscript.ld -L../../fft_bsp/ps7_cortexa9_0/lib -o "fft.elf"  ./src/audio.o ./src/helloworld.o ./src/oled.o ./src/platform.o   -lm -Wl,--start-group,-lxil,-lgcc,-lc,--end-group
../src/helloworld.c: At top level:
../src/helloworld.c:27:22: warning: 'timer_counter_l' defined but not used [-Wunused-variable]
Finished building target: fft.elf
 
Invoking: ARM Print Size
arm-xilinx-eabi-size fft.elf  |tee "fft.elf.size"
../src/helloworld.c:28:22: warning: 'timer_counter_h' defined but not used [-Wunused-variable]
   text	   data	    bss	    dec	    hex	filename
  47388	   2184	  33396	  82968	  14418	fft.elf
Finished building: fft.elf.size
 
../src/helloworld.c:29:22: warning: 'timer_ctrl' defined but not used [-Wunused-variable]
22:15:23 **** Incremental Build of configuration Debug for project fft ****
make all 
make: Nothing to be done for `all'.
22:16:15 **** Auto Build of configuration Debug for project fft ****
make all 
Building file: ../src/helloworld.c
Invoking: ARM gcc compiler
arm-xilinx-eabi-gcc -Wall -O0 -g3 -c -fmessage-length=0 -I../../fft_bsp/ps7_cortexa9_0/include -MMD -MP -MF"src/helloworld.d" -MT"src/helloworld.d" -o "src/helloworld.o" "../src/helloworld.c"
../src/helloworld.c:31:1: warning: "/*" within comment [-Wcomment]
../src/helloworld.c: In function 'main':
../src/helloworld.c:58:13: warning: initialization makes pointer from integer without a cast [enabled by default]
../src/helloworld.c:60:2: warning: implicit declaration of function 'malloc' [-Wimplicit-function-declaration]
../src/helloworld.c:60:31: warning: incompatible implicit declaration of built-in function 'malloc' [enabled by default]
../src/helloworld.c:72:7: warning: assignment makes pointer from integer without a cast [enabled by default]
../src/helloworld.c:91:7: warning: assignment makes pointer from integer without a cast [enabled by default]
../src/helloworld.c:59:10: warning: unused variable 'DmaInst' [-Wunused-variable]
Finished building: ../src/helloworld.c
../src/helloworld.c:56:6: warning: unused variable 'Status' [-Wunused-variable]
 
../src/helloworld.c:55:6: warning: unused variable 'rat' [-Wunused-variable]
Building target: fft.elf
Invoking: ARM gcc linker
../src/helloworld.c: At top level:
../src/helloworld.c:27:22: warning: 'timer_counter_l' defined but not used [-Wunused-variable]
arm-xilinx-eabi-gcc -Wl,-T -Wl,../src/lscript.ld -L../../fft_bsp/ps7_cortexa9_0/lib -o "fft.elf"  ./src/audio.o ./src/helloworld.o ./src/oled.o ./src/platform.o   -lm -Wl,--start-group,-lxil,-lgcc,-lc,--end-group
../src/helloworld.c:28:22: warning: 'timer_counter_h' defined but not used [-Wunused-variable]
Finished building target: fft.elf
 
../src/helloworld.c:29:22: warning: 'timer_ctrl' defined but not used [-Wunused-variable]
Invoking: ARM Print Size
arm-xilinx-eabi-size fft.elf  |tee "fft.elf.size"
   text	   data	    bss	    dec	    hex	filename
  47388	   2184	  33396	  82968	  14418	fft.elf
Finished building: fft.elf.size
 
22:17:24 **** Auto Build of configuration Debug for project fft ****
make all 
Building file: ../src/helloworld.c
Invoking: ARM gcc compiler
arm-xilinx-eabi-gcc -Wall -O0 -g3 -c -fmessage-length=0 -I../../fft_bsp/ps7_cortexa9_0/include -MMD -MP -MF"src/helloworld.d" -MT"src/helloworld.d" -o "src/helloworld.o" "../src/helloworld.c"
../src/helloworld.c:31:1: warning: "/*" within comment [-Wcomment]
../src/helloworld.c: In function 'main':
../src/helloworld.c:58:13: warning: initialization makes pointer from integer without a cast [enabled by default]
../src/helloworld.c:60:2: warning: implicit declaration of function 'malloc' [-Wimplicit-function-declaration]
../src/helloworld.c:60:31: warning: incompatible implicit declaration of built-in function 'malloc' [enabled by default]
Finished building: ../src/helloworld.c
../src/helloworld.c:72:7: warning: assignment makes pointer from integer without a cast [enabled by default]
 
../src/helloworld.c:91:7: warning: assignment makes pointer from integer without a cast [enabled by default]
Building target: fft.elf
Invoking: ARM gcc linker
arm-xilinx-eabi-gcc -Wl,-T -Wl,../src/lscript.ld -L../../fft_bsp/ps7_cortexa9_0/lib -o "fft.elf"  ./src/audio.o ./src/helloworld.o ./src/oled.o ./src/platform.o   -lm -Wl,--start-group,-lxil,-lgcc,-lc,--end-group
../src/helloworld.c:56:6: warning: variable 'Status' set but not used [-Wunused-but-set-variable]
../src/helloworld.c:55:6: warning: unused variable 'rat' [-Wunused-variable]
../src/helloworld.c: At top level:
../src/helloworld.c:27:22: warning: 'timer_counter_l' defined but not used [-Wunused-variable]
../src/helloworld.c:28:22: warning: 'timer_counter_h' defined but not used [-Wunused-variable]
../src/helloworld.c:29:22: warning: 'timer_ctrl' defined but not used [-Wunused-variable]
Finished building target: fft.elf
 
Invoking: ARM Print Size
arm-xilinx-eabi-size fft.elf  |tee "fft.elf.size"
   text	   data	    bss	    dec	    hex	filename
  47356	   2184	  33396	  82936	  143f8	fft.elf
Finished building: fft.elf.size
 
22:17:29 **** Incremental Build of configuration Debug for project fft ****
make all 
make: Nothing to be done for `all'.
22:18:47 **** Auto Build of configuration Debug for project fft ****
make all 
Building file: ../src/helloworld.c
Invoking: ARM gcc compiler
arm-xilinx-eabi-gcc -Wall -O0 -g3 -c -fmessage-length=0 -I../../fft_bsp/ps7_cortexa9_0/include -MMD -MP -MF"src/helloworld.d" -MT"src/helloworld.d" -o "src/helloworld.o" "../src/helloworld.c"
../src/helloworld.c:31:1: warning: "/*" within comment [-Wcomment]
../src/helloworld.c: In function 'main':
../src/helloworld.c:58:13: warning: initialization makes pointer from integer without a cast [enabled by default]
../src/helloworld.c:60:2: warning: implicit declaration of function 'malloc' [-Wimplicit-function-declaration]
../src/helloworld.c:60:31: warning: incompatible implicit declaration of built-in function 'malloc' [enabled by default]
../src/helloworld.c:72:7: warning: assignment makes pointer from integer without a cast [enabled by default]
../src/helloworld.c:87:7: warning: assignment makes pointer from integer without a cast [enabled by default]
../src/helloworld.c:56:6: warning: variable 'Status' set but not used [-Wunused-but-set-variable]
../src/helloworld.c:55:6: warning: unused variable 'rat' [-Wunused-variable]
../src/helloworld.c: At top level:
../src/helloworld.c:27:22: warning: 'timer_counter_l' defined but not used [-Wunused-variable]
Finished building: ../src/helloworld.c
../src/helloworld.c:28:22: warning: 'timer_counter_h' defined but not used [-Wunused-variable]
 
../src/helloworld.c:29:22: warning: 'timer_ctrl' defined but not used [-Wunused-variable]
Building target: fft.elf
Invoking: ARM gcc linker
arm-xilinx-eabi-gcc -Wl,-T -Wl,../src/lscript.ld -L../../fft_bsp/ps7_cortexa9_0/lib -o "fft.elf"  ./src/audio.o ./src/helloworld.o ./src/oled.o ./src/platform.o   -lm -Wl,--start-group,-lxil,-lgcc,-lc,--end-group
Finished building target: fft.elf
 
Invoking: ARM Print Size
arm-xilinx-eabi-size fft.elf  |tee "fft.elf.size"
   text	   data	    bss	    dec	    hex	filename
  47356	   2184	  33396	  82936	  143f8	fft.elf
Finished building: fft.elf.size
 
22:18:50 **** Incremental Build of configuration Debug for project fft ****
make all 
make: Nothing to be done for `all'.
22:22:27 **** Auto Build of configuration Debug for project fft ****
make all 
Building file: ../src/helloworld.c
Invoking: ARM gcc compiler
arm-xilinx-eabi-gcc -Wall -O0 -g3 -c -fmessage-length=0 -I../../fft_bsp/ps7_cortexa9_0/include -MMD -MP -MF"src/helloworld.d" -MT"src/helloworld.d" -o "src/helloworld.o" "../src/helloworld.c"
../src/helloworld.c:31:1: warning: "/*" within comment [-Wcomment]
../src/helloworld.c: In function 'main':
../src/helloworld.c:58:13: warning: initialization makes pointer from integer without a cast [enabled by default]
../src/helloworld.c:60:2: warning: implicit declaration of function 'malloc' [-Wimplicit-function-declaration]
../src/helloworld.c:60:31: warning: incompatible implicit declaration of built-in function 'malloc' [enabled by default]
../src/helloworld.c:72:7: warning: assignment makes pointer from integer without a cast [enabled by default]
../src/helloworld.c:87:7: warning: assignment makes pointer from integer without a cast [enabled by default]
../src/helloworld.c:56:6: warning: variable 'Status' set but not used [-Wunused-but-set-variable]
../src/helloworld.c:55:6: warning: unused variable 'rat' [-Wunused-variable]
../src/helloworld.c: At top level:
../src/helloworld.c:27:22: warning: 'timer_counter_l' defined but not used [-Wunused-variable]
../src/helloworld.c:28:22: warning: 'timer_counter_h' defined but not used [-Wunused-variable]
../src/helloworld.c:29:22: warning: 'timer_ctrl' defined but not used [-Wunused-variable]
Finished building: ../src/helloworld.c
 
Building target: fft.elf
Invoking: ARM gcc linker
arm-xilinx-eabi-gcc -Wl,-T -Wl,../src/lscript.ld -L../../fft_bsp/ps7_cortexa9_0/lib -o "fft.elf"  ./src/audio.o ./src/helloworld.o ./src/oled.o ./src/platform.o   -lm -Wl,--start-group,-lxil,-lgcc,-lc,--end-group
Finished building target: fft.elf
 
Invoking: ARM Print Size
arm-xilinx-eabi-size fft.elf  |tee "fft.elf.size"
   text	   data	    bss	    dec	    hex	filename
  47356	   2184	  33396	  82936	  143f8	fft.elf
Finished building: fft.elf.size
 
22:22:29 **** Incremental Build of configuration Debug for project fft ****
make all 
make: Nothing to be done for `all'.
22:23:41 **** Auto Build of configuration Debug for project fft ****
make all 
Building file: ../src/helloworld.c
Invoking: ARM gcc compiler
arm-xilinx-eabi-gcc -Wall -O0 -g3 -c -fmessage-length=0 -I../../fft_bsp/ps7_cortexa9_0/include -MMD -MP -MF"src/helloworld.d" -MT"src/helloworld.d" -o "src/helloworld.o" "../src/helloworld.c"
../src/helloworld.c:31:1: warning: "/*" within comment [-Wcomment]
../src/helloworld.c: In function 'main':
../src/helloworld.c:58:13: warning: initialization makes pointer from integer without a cast [enabled by default]
../src/helloworld.c:60:2: warning: implicit declaration of function 'malloc' [-Wimplicit-function-declaration]
../src/helloworld.c:60:31: warning: incompatible implicit declaration of built-in function 'malloc' [enabled by default]
../src/helloworld.c:72:7: warning: assignment makes pointer from integer without a cast [enabled by default]
../src/helloworld.c:87:7: warning: assignment makes pointer from integer without a cast [enabled by default]
../src/helloworld.c:56:6: warning: variable 'Status' set but not used [-Wunused-but-set-variable]
../src/helloworld.c:55:6: warning: unused variable 'rat' [-Wunused-variable]
Finished building: ../src/helloworld.c
../src/helloworld.c: At top level:
 
../src/helloworld.c:27:22: warning: 'timer_counter_l' defined but not used [-Wunused-variable]
Building target: fft.elf
../src/helloworld.c:28:22: warning: 'timer_counter_h' defined but not used [-Wunused-variable]
Invoking: ARM gcc linker
../src/helloworld.c:29:22: warning: 'timer_ctrl' defined but not used [-Wunused-variable]
arm-xilinx-eabi-gcc -Wl,-T -Wl,../src/lscript.ld -L../../fft_bsp/ps7_cortexa9_0/lib -o "fft.elf"  ./src/audio.o ./src/helloworld.o ./src/oled.o ./src/platform.o   -lm -Wl,--start-group,-lxil,-lgcc,-lc,--end-group
Finished building target: fft.elf
 
Invoking: ARM Print Size
arm-xilinx-eabi-size fft.elf  |tee "fft.elf.size"
   text	   data	    bss	    dec	    hex	filename
  47356	   2184	  33396	  82936	  143f8	fft.elf
Finished building: fft.elf.size
 
22:23:43 **** Incremental Build of configuration Debug for project fft ****
make all 
make: Nothing to be done for `all'.
