22:11:49 **** Build of project zynq_audio_bsp ****
make -k all 
libgen -hw ../zynq_audio_hw_platform/system.xml\
	       \
	       -pe ps7_cortexa9_0 \
	       -log libgen.log \
	       system.mss
libgen
Xilinx EDK 14.5 Build EDK_P.58f
Copyright (c) 1995-2012 Xilinx, Inc.  All rights reserved.

Command Line: libgen -hw ../zynq_audio_hw_platform/system.xml -pe ps7_cortexa9_0
-log libgen.log system.mss 


Staging source files.
Running DRCs.
Running generate.
Running post_generate.
Running include - 'gmake -s include "COMPILER=arm-xilinx-eabi-gcc"
"ARCHIVER=arm-xilinx-eabi-ar" "COMPILER_FLAGS= -O2 -c"
"EXTRA_COMPILER_FLAGS=-g"'.

Running libs - 'gmake -s libs "COMPILER=arm-xilinx-eabi-gcc"
"ARCHIVER=arm-xilinx-eabi-ar" "COMPILER_FLAGS= -O2 -c"
"EXTRA_COMPILER_FLAGS=-g"'.
Compiling common
arm-xilinx-eabi-ar: creating ../../../lib/libxil.a
Compiling xadc
Compiling standalone
Compiling gpio
Compiling devcfg
Compiling dmaps
Compiling iicps
Compiling scugic
Compiling scutimer
Compiling scuwdt
Compiling uartps
Compiling cpu_cortexa9
Running execs_generate.
Finished building libraries

**** Build of configuration Debug for project zynq_audio ****

Nothing to build for project zynq_audio
22:12:36 **** Auto Build of configuration Debug for project zynq_audio ****
make all 
Building file: ../src/audio.c
Invoking: ARM gcc compiler
arm-xilinx-eabi-gcc -Wall -O0 -g3 -c -fmessage-length=0 -I../../zynq_audio_bsp/ps7_cortexa9_0/include -MMD -MP -MF"src/audio.d" -MT"src/audio.d" -o "src/audio.o" "../src/audio.c"
Finished building: ../src/audio.c
 
Building file: ../src/oled.c
Invoking: ARM gcc compiler
arm-xilinx-eabi-gcc -Wall -O0 -g3 -c -fmessage-length=0 -I../../zynq_audio_bsp/ps7_cortexa9_0/include -MMD -MP -MF"src/oled.d" -MT"src/oled.d" -o "src/oled.o" "../src/oled.c"
Finished building: ../src/oled.c
 
Building file: ../src/zynq_audio.c
Invoking: ARM gcc compiler
arm-xilinx-eabi-gcc -Wall -O0 -g3 -c -fmessage-length=0 -I../../zynq_audio_bsp/ps7_cortexa9_0/include -MMD -MP -MF"src/zynq_audio.d" -MT"src/zynq_audio.d" -o "src/zynq_audio.o" "../src/zynq_audio.c"
Finished building: ../src/zynq_audio.c
 
Building target: zynq_audio.elf
Invoking: ARM gcc linker
arm-xilinx-eabi-gcc -Wl,-T -Wl,../src/lscript.ld -L../../zynq_audio_bsp/ps7_cortexa9_0/lib -o "zynq_audio.elf"  ./src/audio.o ./src/oled.o ./src/zynq_audio.o   -Wl,--start-group,-lxil,-lgcc,-lc,--end-group
Finished building target: zynq_audio.elf
 
Invoking: ARM Print Size
arm-xilinx-eabi-size zynq_audio.elf  |tee "zynq_audio.elf.size"
   text	   data	    bss	    dec	    hex	filename
  37296	   2152	  30916	  70364	  112dc	zynq_audio.elf
Finished building: zynq_audio.elf.size
 
22:14:05 **** Incremental Build of configuration Debug for project zynq_audio ****
make all 
make: Nothing to be done for `all'.
22:14:40 **** Incremental Build of configuration Debug for project zynq_audio ****
make all 
make: Nothing to be done for `all'.
22:15:56 **** Incremental Build of configuration Debug for project zynq_audio ****
make all 
make: Nothing to be done for `all'.
10:22:22 **** Incremental Build of configuration Debug for project zynq_audio ****
make all 
make: Nothing to be done for `all'.
10:23:06 **** Auto Build of configuration Debug for project zynq_audio ****
make all 
Building file: ../src/zynq_audio.c
Invoking: ARM gcc compiler
arm-xilinx-eabi-gcc -Wall -O0 -g3 -c -fmessage-length=0 -I../../zynq_audio_bsp/ps7_cortexa9_0/include -MMD -MP -MF"src/zynq_audio.d" -MT"src/zynq_audio.d" -o "src/zynq_audio.o" "../src/zynq_audio.c"
Finished building: ../src/zynq_audio.c
 
Building target: zynq_audio.elf
Invoking: ARM gcc linker
arm-xilinx-eabi-gcc -Wl,-T -Wl,../src/lscript.ld -L../../zynq_audio_bsp/ps7_cortexa9_0/lib -o "zynq_audio.elf"  ./src/audio.o ./src/oled.o ./src/zynq_audio.o   -Wl,--start-group,-lxil,-lgcc,-lc,--end-group
Finished building target: zynq_audio.elf
 
Invoking: ARM Print Size
arm-xilinx-eabi-size zynq_audio.elf  |tee "zynq_audio.elf.size"
   text	   data	    bss	    dec	    hex	filename
  37400	   2152	  30916	  70468	  11344	zynq_audio.elf
Finished building: zynq_audio.elf.size
 
10:23:11 **** Incremental Build of configuration Debug for project zynq_audio ****
make all 
make: Nothing to be done for `all'.
10:24:05 **** Auto Build of configuration Debug for project zynq_audio ****
make all 
Building file: ../src/zynq_audio.c
Invoking: ARM gcc compiler
arm-xilinx-eabi-gcc -Wall -O0 -g3 -c -fmessage-length=0 -I../../zynq_audio_bsp/ps7_cortexa9_0/include -MMD -MP -MF"src/zynq_audio.d" -MT"src/zynq_audio.d" -o "src/zynq_audio.o" "../src/zynq_audio.c"
Finished building: ../src/zynq_audio.c
 
Building target: zynq_audio.elf
Invoking: ARM gcc linker
arm-xilinx-eabi-gcc -Wl,-T -Wl,../src/lscript.ld -L../../zynq_audio_bsp/ps7_cortexa9_0/lib -o "zynq_audio.elf"  ./src/audio.o ./src/oled.o ./src/zynq_audio.o   -Wl,--start-group,-lxil,-lgcc,-lc,--end-group
Finished building target: zynq_audio.elf
 
Invoking: ARM Print Size
arm-xilinx-eabi-size zynq_audio.elf  |tee "zynq_audio.elf.size"
   text	   data	    bss	    dec	    hex	filename
  37300	   2152	  30916	  70368	  112e0	zynq_audio.elf
Finished building: zynq_audio.elf.size
 
10:24:07 **** Incremental Build of configuration Debug for project zynq_audio ****
make all 
make: Nothing to be done for `all'.
10:24:18 **** Auto Build of configuration Debug for project zynq_audio ****
make all 
Building file: ../src/zynq_audio.c
Invoking: ARM gcc compiler
arm-xilinx-eabi-gcc -Wall -O0 -g3 -c -fmessage-length=0 -I../../zynq_audio_bsp/ps7_cortexa9_0/include -MMD -MP -MF"src/zynq_audio.d" -MT"src/zynq_audio.d" -o "src/zynq_audio.o" "../src/zynq_audio.c"
Finished building: ../src/zynq_audio.c
 
Building target: zynq_audio.elf
Invoking: ARM gcc linker
arm-xilinx-eabi-gcc -Wl,-T -Wl,../src/lscript.ld -L../../zynq_audio_bsp/ps7_cortexa9_0/lib -o "zynq_audio.elf"  ./src/audio.o ./src/oled.o ./src/zynq_audio.o   -Wl,--start-group,-lxil,-lgcc,-lc,--end-group
Finished building target: zynq_audio.elf
 
Invoking: ARM Print Size
arm-xilinx-eabi-size zynq_audio.elf  |tee "zynq_audio.elf.size"
   text	   data	    bss	    dec	    hex	filename
  37296	   2152	  30916	  70364	  112dc	zynq_audio.elf
Finished building: zynq_audio.elf.size
 
